###############################################################################
#
# IAR ELF Linker V8.32.2.178/W32 for ARM                  27/Aug/2019  15:32:46
# Copyright 2007-2018 IAR Systems AB.
#
#    Output file  =  z3_mfgtoken_mg21_v662.out
#    Map file     =  
#        C:/Users/alji/SimplicityStudio/v4_workspace/z3_mfgtoken_mg21_v662/IAR
#        ARM - Default/z3_mfgtoken_mg21_v662.map
#    Command line =  
#        -f
#        "C:\Users\alji\SimplicityStudio\v4_workspace\z3_mfgtoken_mg21_v662\IAR
#        ARM - Default\ilinkCommandLine_z3_mfgtoken_mg21_v662.out.xcl" (-o
#        z3_mfgtoken_mg21_v662.out --config
#        C:/SiliconLabs/SimplicityStudio/v4_2/developer/sdks/gecko_sdk_suite/v2.6//platform/base/hal/micro/cortexm3/efm32/iar-cfg.icf
#        --config_def APP_BTL=1 --config_def FLASH_SIZE=1048576 --config_def
#        RAM_SIZE=98304 --config_def SIMEEPROM_SIZE=32768 --config_def
#        LOCKBITS_IN_MAINFLASH_SIZE=8192 --config_def EMBER_MALLOC_HEAP_SIZE=0
#        --config_def HEADER_SIZE=256 --config_def PSSTORE_SIZE=0 --config_def
#        LONGTOKEN_SIZE=0 --no_wrap_diagnostics
#        C:/SiliconLabs/SimplicityStudio/v4_2/developer/sdks/gecko_sdk_suite/v2.6//protocol/zigbee/build/zigbee-r22-support-stub-library-cortexm3-iar-efr32mg21-rail/zigbee-r22-support-stub-library.a
#        C:/SiliconLabs/SimplicityStudio/v4_2/developer/sdks/gecko_sdk_suite/v2.6//protocol/zigbee/build/install-code-library-cortexm3-iar-efr32mg21-rail/install-code-library.a
#        C:/SiliconLabs/SimplicityStudio/v4_2/developer/sdks/gecko_sdk_suite/v2.6//protocol/zigbee/build/cbke-stub-library-cortexm3-iar-efr32mg21-rail/cbke-stub-library.a
#        C:/SiliconLabs/SimplicityStudio/v4_2/developer/sdks/gecko_sdk_suite/v2.6//protocol/zigbee/build/cbke-library-dsa-verify-stub-cortexm3-iar-efr32mg21-rail/cbke-library-dsa-verify-stub.a
#        C:/SiliconLabs/SimplicityStudio/v4_2/developer/sdks/gecko_sdk_suite/v2.6//protocol/zigbee/build/gp-library-cortexm3-iar-efr32mg21-rail/gp-library.a
#        C:/SiliconLabs/SimplicityStudio/v4_2/developer/sdks/gecko_sdk_suite/v2.6//protocol/zigbee/build/mfglib-library-cortexm3-iar-efr32mg21-rail/mfglib-library.a
#        C:/SiliconLabs/SimplicityStudio/v4_2/developer/sdks/gecko_sdk_suite/v2.6//platform/radio/rail_lib/autogen/librail_release/librail_efr32xg21_iar_release.a
#        C:/SiliconLabs/SimplicityStudio/v4_2/developer/sdks/gecko_sdk_suite/v2.6//protocol/zigbee/build/debug-extended-stub-library-cortexm3-iar-efr32mg21-rail/debug-extended-stub-library.a
#        C:/SiliconLabs/SimplicityStudio/v4_2/developer/sdks/gecko_sdk_suite/v2.6//protocol/zigbee/build/debug-basic-library-cortexm3-iar-efr32mg21-rail/debug-basic-library.a
#        C:/SiliconLabs/SimplicityStudio/v4_2/developer/sdks/gecko_sdk_suite/v2.6//protocol/zigbee/build/cbke-283k1-stub-library-cortexm3-iar-efr32mg21-rail/cbke-283k1-stub-library.a
#        C:/SiliconLabs/SimplicityStudio/v4_2/developer/sdks/gecko_sdk_suite/v2.6//protocol/zigbee/build/end-device-bind-stub-library-cortexm3-iar-efr32mg21-rail/end-device-bind-stub-library.a
#        C:/SiliconLabs/SimplicityStudio/v4_2/developer/sdks/gecko_sdk_suite/v2.6//protocol/zigbee/build/security-library-core-cortexm3-iar-efr32mg21-rail/security-library-core.a
#        C:/SiliconLabs/SimplicityStudio/v4_2/developer/sdks/gecko_sdk_suite/v2.6//protocol/zigbee/build/cbke-library-dsa-verify-283k1-stub-cortexm3-iar-efr32mg21-rail/cbke-library-dsa-verify-283k1-stub.a
#        C:/SiliconLabs/SimplicityStudio/v4_2/developer/sdks/gecko_sdk_suite/v2.6//protocol/zigbee/build/hal-library-cortexm3-iar-efr32mg21-rail/hal-library.a
#        C:/SiliconLabs/SimplicityStudio/v4_2/developer/sdks/gecko_sdk_suite/v2.6//protocol/zigbee/build/packet-validate-stub-library-cortexm3-iar-efr32mg21-rail/packet-validate-stub-library.a
#        C:/SiliconLabs/SimplicityStudio/v4_2/developer/sdks/gecko_sdk_suite/v2.6//protocol/zigbee/build/multi-network-stub-library-cortexm3-iar-efr32mg21-rail/multi-network-stub-library.a
#        C:/SiliconLabs/SimplicityStudio/v4_2/developer/sdks/gecko_sdk_suite/v2.6//platform/emdrv/nvm3/lib/libnvm3_CM33_iar.a
#        C:/SiliconLabs/SimplicityStudio/v4_2/developer/sdks/gecko_sdk_suite/v2.6//protocol/zigbee/build/sim-eeprom2-to-nvm3-upgrade-stub-library-cortexm3-iar-efr32mg21-rail/sim-eeprom2-to-nvm3-upgrade-stub-library.a
#        C:/SiliconLabs/SimplicityStudio/v4_2/developer/sdks/gecko_sdk_suite/v2.6//protocol/zigbee/build/zigbee-pro-stack-cortexm3-iar-efr32mg21-rail/zigbee-pro-stack.a
#        C:/SiliconLabs/SimplicityStudio/v4_2/developer/sdks/gecko_sdk_suite/v2.6//protocol/zigbee/build/zll-library-cortexm3-iar-efr32mg21-rail/zll-library.a
#        C:/SiliconLabs/SimplicityStudio/v4_2/developer/sdks/gecko_sdk_suite/v2.6//protocol/zigbee/build/security-library-link-keys-stub-cortexm3-iar-efr32mg21-rail/security-library-link-keys-stub.a
#        C:/SiliconLabs/SimplicityStudio/v4_2/developer/sdks/gecko_sdk_suite/v2.6//protocol/zigbee/build/binding-table-library-cortexm3-iar-efr32mg21-rail/binding-table-library.a
#        C:/SiliconLabs/SimplicityStudio/v4_2/developer/sdks/gecko_sdk_suite/v2.6//protocol/zigbee/build/cbke-library-dsa-sign-stub-cortexm3-iar-efr32mg21-rail/cbke-library-dsa-sign-stub.a
#        C:/SiliconLabs/SimplicityStudio/v4_2/developer/sdks/gecko_sdk_suite/v2.6//protocol/zigbee/build/cbke-163k1-stub-library-cortexm3-iar-efr32mg21-rail/cbke-163k1-stub-library.a
#        --entry __iar_program_start --map
#        "C:/Users/alji/SimplicityStudio/v4_workspace/z3_mfgtoken_mg21_v662/IAR
#        ARM - Default/z3_mfgtoken_mg21_v662.map" --log_file
#        "C:/Users/alji/SimplicityStudio/v4_workspace/z3_mfgtoken_mg21_v662/IAR
#        ARM - Default/z3_mfgtoken_mg21_v662.log" --log
#        initialization,modules,sections,veneers --diag_suppress=Lp012
#        --redirect _Printf=_PrintfSmallNoMb --redirect _Scanf=_ScanfFullNoMb
#        ./zll-utility-server/zll-utility-server.o
#        ./zll-scenes-server/zll-scenes-server.o
#        ./zll-on-off-server/zll-on-off-server.o
#        ./zll-level-control-server/zll-level-control-server.o
#        ./zll-identify-server/zll-identify-server.o
#        ./zll-commissioning-server/zll-commissioning-server.o
#        ./zll-commissioning-common/zll-commissioning-cli.o
#        ./zll-commissioning-common/zll-commissioning-common.o
#        ./zcl-framework-core/af-event.o ./zcl-framework-core/af-main-common.o
#        ./zcl-framework-core/af-main-soc.o ./zcl-framework-core/af-node.o
#        ./zcl-framework-core/af-security-common.o
#        ./zcl-framework-core/af-trust-center.o
#        ./zcl-framework-core/attribute-size.o
#        ./zcl-framework-core/attribute-storage.o
#        ./zcl-framework-core/attribute-table.o
#        ./zcl-framework-core/client-api.o ./zcl-framework-core/core-cli.o
#        ./zcl-framework-core/crypto-state.o ./zcl-framework-core/message.o
#        ./zcl-framework-core/multi-network.o
#        ./zcl-framework-core/network-cli.o ./zcl-framework-core/option-cli.o
#        ./zcl-framework-core/plugin-cli.o
#        ./zcl-framework-core/print-formatter.o ./zcl-framework-core/print.o
#        ./zcl-framework-core/process-cluster-message.o
#        ./zcl-framework-core/process-global-message.o
#        ./zcl-framework-core/security-cli.o
#        ./zcl-framework-core/service-discovery-common.o
#        ./zcl-framework-core/service-discovery-soc.o
#        ./zcl-framework-core/time-util.o ./zcl-framework-core/util.o
#        ./zcl-framework-core/zcl-cli.o ./zcl-framework-core/zdo-cli.o
#        ./update-tc-link-key/update-tc-link-key-cli.o
#        ./update-tc-link-key/update-tc-link-key.o
#        ./strong-random/strong-random-api.o ./simple-main/simple-main.o
#        ./serial/EFR32/serial.o ./serial/com.o ./scenes/scenes-cli.o
#        ./scenes/scenes.o ./scan-dispatch/scan-dispatch.o
#        ./reporting/reporting-cli.o
#        ./reporting/reporting-default-configuration.o ./reporting/reporting.o
#        ./on-off/on-off.o ./nvm3/EFR32/nvm3_default.o
#        ./nvm3/EFR32/nvm3_hal_flash.o ./nvm3/nvm3_lock.o
#        ./network-steering/network-steering-cli.o
#        ./network-steering/network-steering-soc.o
#        ./network-steering/network-steering-v2.o
#        ./network-steering/network-steering.o
#        ./network-creator-security/network-creator-security-cli.o
#        ./network-creator-security/network-creator-security.o
#        ./network-creator/network-creator-cli.o
#        ./network-creator/network-creator.o ./mbedtls/EFR32/aes.o
#        ./mbedtls/EFR32/aes_aes.o ./mbedtls/EFR32/aesni.o
#        ./mbedtls/EFR32/arc4.o ./mbedtls/EFR32/asn1parse.o
#        ./mbedtls/EFR32/asn1write.o ./mbedtls/EFR32/base64.o
#        ./mbedtls/EFR32/bignum.o ./mbedtls/EFR32/blowfish.o
#        ./mbedtls/EFR32/camellia.o ./mbedtls/EFR32/ccm.o
#        ./mbedtls/EFR32/certs.o ./mbedtls/EFR32/cipher.o
#        ./mbedtls/EFR32/cipher_wrap.o ./mbedtls/EFR32/cmac.o
#        ./mbedtls/EFR32/crypto_aes.o ./mbedtls/EFR32/crypto_ble.o
#        ./mbedtls/EFR32/crypto_ecp.o ./mbedtls/EFR32/crypto_management.o
#        ./mbedtls/EFR32/crypto_sha.o ./mbedtls/EFR32/cryptoacc_aes.o
#        ./mbedtls/EFR32/cryptoacc_ccm.o ./mbedtls/EFR32/cryptoacc_cmac.o
#        ./mbedtls/EFR32/cryptoacc_ecp.o ./mbedtls/EFR32/cryptoacc_gcm.o
#        ./mbedtls/EFR32/cryptoacc_management.o ./mbedtls/EFR32/cryptoacc_sha.o
#        ./mbedtls/EFR32/cryptoacc_trng.o ./mbedtls/EFR32/ctr_drbg.o
#        ./mbedtls/EFR32/debug.o ./mbedtls/EFR32/des.o ./mbedtls/EFR32/dhm.o
#        ./mbedtls/EFR32/ecdh.o ./mbedtls/EFR32/ecdsa.o
#        ./mbedtls/EFR32/ecjpake.o ./mbedtls/EFR32/ecp.o
#        ./mbedtls/EFR32/ecp_curves.o ./mbedtls/EFR32/entropy.o
#        ./mbedtls/EFR32/entropy_adc.o ./mbedtls/EFR32/entropy_poll.o
#        ./mbedtls/EFR32/entropy_rail.o ./mbedtls/EFR32/error.o
#        ./mbedtls/EFR32/gcm.o ./mbedtls/EFR32/havege.o
#        ./mbedtls/EFR32/hmac_drbg.o ./mbedtls/EFR32/md.o ./mbedtls/EFR32/md2.o
#        ./mbedtls/EFR32/md4.o ./mbedtls/EFR32/md5.o ./mbedtls/EFR32/md_wrap.o
#        ./mbedtls/EFR32/memory_buffer_alloc.o ./mbedtls/EFR32/net_sockets.o
#        ./mbedtls/EFR32/oid.o ./mbedtls/EFR32/padlock.o ./mbedtls/EFR32/pem.o
#        ./mbedtls/EFR32/pk.o ./mbedtls/EFR32/pk_wrap.o
#        ./mbedtls/EFR32/pkcs11.o ./mbedtls/EFR32/pkcs12.o
#        ./mbedtls/EFR32/pkcs5.o ./mbedtls/EFR32/pkparse.o
#        ./mbedtls/EFR32/pkwrite.o ./mbedtls/EFR32/radioaes.o
#        ./mbedtls/EFR32/radioaes_aes.o ./mbedtls/EFR32/radioaes_ble.o
#        ./mbedtls/EFR32/ripemd160.o ./mbedtls/EFR32/rsa.o
#        ./mbedtls/EFR32/rsa_internal.o ./mbedtls/EFR32/se_aes.o
#        ./mbedtls/EFR32/se_ccm.o ./mbedtls/EFR32/se_cmac.o
#        ./mbedtls/EFR32/se_ecp.o ./mbedtls/EFR32/se_jpake.o
#        ./mbedtls/EFR32/se_management.o ./mbedtls/EFR32/se_sha.o
#        ./mbedtls/EFR32/se_trng.o ./mbedtls/EFR32/sha1.o
#        ./mbedtls/EFR32/sha256.o ./mbedtls/EFR32/sha512.o
#        ./mbedtls/EFR32/shax.o ./mbedtls/EFR32/ssl_cache.o
#        ./mbedtls/EFR32/ssl_ciphersuites.o ./mbedtls/EFR32/ssl_cli.o
#        ./mbedtls/EFR32/ssl_cookie.o ./mbedtls/EFR32/ssl_srv.o
#        ./mbedtls/EFR32/ssl_ticket.o ./mbedtls/EFR32/ssl_tls.o
#        ./mbedtls/EFR32/threading.o ./mbedtls/EFR32/timing.o
#        ./mbedtls/EFR32/trng.o ./mbedtls/EFR32/version.o
#        ./mbedtls/EFR32/version_features.o ./mbedtls/EFR32/x509.o
#        ./mbedtls/EFR32/x509_create.o ./mbedtls/EFR32/x509_crl.o
#        ./mbedtls/EFR32/x509_crt.o ./mbedtls/EFR32/x509_csr.o
#        ./mbedtls/EFR32/x509write_crt.o ./mbedtls/EFR32/x509write_csr.o
#        ./mbedtls/EFR32/xtea.o
#        ./manufacturing-library-cli/manufacturing-library-cli-soc.o
#        ./level-control/level-control.o ./interpan/interpan-cli.o
#        ./interpan/interpan-soc.o ./interpan/interpan.o
#        ./identify/identify-cli.o ./identify/identify.o
#        ./heartbeat/heartbeat.o ./hal-library/EFR32/hal-config-gpio.o
#        ./hal-library/EFR32/hal-config.o ./groups-server/groups-server-cli.o
#        ./groups-server/groups-server.o
#        ./green-power-common/green-power-common.o
#        ./green-power-client/green-power-client-cli.o
#        ./green-power-client/green-power-client.o
#        ./find-and-bind-target/find-and-bind-target-cli.o
#        ./find-and-bind-target/find-and-bind-target.o
#        ./external-generated-files/bootloader-interface-app.o
#        ./external-generated-files/bootloader-interface.o
#        ./external-generated-files/btl_interface.o
#        ./external-generated-files/btl_interface_storage.o ./emlib/em_adc.o
#        ./emlib/em_cmu.o ./emlib/em_core.o ./emlib/em_cryotimer.o
#        ./emlib/em_emu.o ./emlib/em_gpio.o ./emlib/em_i2c.o ./emlib/em_ldma.o
#        ./emlib/em_leuart.o ./emlib/em_msc.o ./emlib/em_prs.o ./emlib/em_rmu.o
#        ./emlib/em_rtcc.o ./emlib/em_se.o ./emlib/em_system.o
#        ./emlib/em_timer.o ./emlib/em_usart.o ./emlib/em_wdog.o
#        ./emlib/system_efr32mg21.o ./emdrv/dmadrv.o ./emdrv/gpiointerrupt.o
#        ./emdrv/rtcdriver.o ./emdrv/sleep.o ./emdrv/tempdrv.o
#        ./emdrv/uartdrv.o ./emdrv/ustimer.o
#        ./ember-minimal-printf/ember-printf.o ./efr32/assert-crash-handlers.o
#        ./efr32/button.o ./efr32/buzzer-efr32.o ./efr32/cstartup-common.o
#        ./efr32/diagnostic.o ./efr32/ext-device.o ./efr32/faults-v7m.o
#        ./efr32/isr-stubs.o ./efr32/led.o ./efr32/mfg-token.o
#        ./efr32/micro-common.o ./efr32/micro.o ./efr32/mpu.o
#        ./efr32/sleep-efm32.o ./efr32/token.o
#        ./debug-jtag/EFR32/debug-jtag-efr32.o
#        ./debug-basic-library/EFR32/SEGGER_RTT.o ./counters/counters-cli.o
#        ./counters/counters-ota.o ./counters/counters-soc.o
#        ./color-control-server/color-control-server.o
#        ./coexistence-stub/EFR32/coexistence-802154.o
#        ./coexistence-stub/EFR32/coulomb-counter-802154.o
#        ./ccm-encryption/ccm-star.o ./basic/basic.o
#        ./antenna-stub/antenna-stub.o ./aes-cmac/aes-cmac.o
#        ./adc/EFR32/adc-efr32.o ./call-command-handler.o ./callback-stub.o
#        ./command-interpreter2.o ./crc.o ./ember-base-configuration.o
#        ./ember-configuration.o ./endian.o ./library.o ./mem-util.o ./random.o
#        ./security-address-cache.o ./stack-handler-stub.o ./token-def.o
#        ./z3_mfgtoken_mg21_v662_callbacks.o ./zigbee-device-common.o
#        ./zigbee-device-library.o ./znet-bookkeeping.o ./znet-cli.o)
#
###############################################################################

*******************************************************************************
*** RUNTIME MODEL ATTRIBUTES
***

CppFlavor       = *
__SystemLibrary = DLib
__dlib_version  = 6


*******************************************************************************
*** HEAP SELECTION
***

The basic heap was selected because no calls to memory allocation
functions were found in the application outside of system library
functions, and there are calls to deallocation functions in the
application.


*******************************************************************************
*** PLACEMENT SUMMARY
***

"BAT": place at 0x0 { section BAT };
define block HEADER_block with fixed order { ro section AAT };
"HEADERS":
       place at start of [from 0x4000 to 0x40ff] { block HEADER_block };
define block APPRO_block
   with fixed order {
      ro section .intvec, ro section .textrw_init, ro section .gatt_header,
      ro section .gatt_data, ro section .text, ro section CODE,
      ro section .rodata, ro section .data_init, ro section .iar.init_table,
      ro section __DLIB_PERTHREAD_init };
"APP ro":
       place at start of [from 0x4100 to 0xf'ffff] { block APPRO_block };
"SIMEE&LOCKBITS":
       place at end of [from 0x4100 to 0xf'ffff] {
          zi section SIMEE, zi section INTERNAL_STORAGE, zi section LONGTOKEN,
          zi section PSSTORE, zi section LOCKBITS_IN_MAINFLASH };
define block ALIGN_EMHEAP with alignment = 8 { rw section EMHEAP };
define block RESETHEAP
   with fixed order { rw section RESETINFO, block ALIGN_EMHEAP };
"ResetHeap":
       place at start of [from 0x2000'0000 to 0x2001'7fef] { block RESETHEAP };
"Guard":
       place in [from 0x2000'0000 to 0x2001'7fef] { rw section GUARD_REGION };
define block ALIGN_CSTACK with alignment = 8 { rw section CSTACK };
define block DLIB_PERTHREAD_INITIALIZED_DATA { rw section __DLIB_PERTHREAD };
define block DLIB_PERTHREAD_ZERO_DATA { zi section __DLIB_PERTHREAD };
define block HEAP with size = 0M, alignment = 8 { };
define block APPRW_block
   with fixed order {
      block ALIGN_CSTACK, rw section .textrw, rw section .data,
      block DLIB_PERTHREAD_INITIALIZED_DATA, block DLIB_PERTHREAD_ZERO_DATA,
      rw section .bss, rw section .noinit, block HEAP };
"APP rw":
       place at end of [from 0x2000'0000 to 0x2001'7fef] { block APPRW_block };
do not initialize {
   rw section .noinit, rw section CSTACK, rw section RESETINFO,
   rw section EMHEAP, zi section SIMEE, zi section INTERNAL_STORAGE,
   zi section LONGTOKEN, zi section PSSTORE, zi section LOCKBITS_IN_MAINFLASH };
initialize by copy { rw };

No sections matched the following patterns:

  ro section .gatt_data             in block APPRO_block
  ro section .gatt_header           in block APPRO_block
  ro section .iar.init_table        in block APPRO_block
  ro section CODE                   in block APPRO_block
  ro section __DLIB_PERTHREAD_init  in block APPRO_block
  rw section .noinit                in block APPRW_block
  rw section DEBUG_CHANNEL          in "DEBUGCHAN"
  rw section __DLIB_PERTHREAD       in block DLIB_PERTHREAD_INITIALIZED_DATA
  zi section INTERNAL_STORAGE       in "SIMEE&LOCKBITS"
  zi section LONGTOKEN              in "SIMEE&LOCKBITS"
  zi section PSSTORE                in "SIMEE&LOCKBITS"
  zi section __DLIB_PERTHREAD       in block DLIB_PERTHREAD_ZERO_DATA


  Section                 Kind         Address     Size  Object
  -------                 ----         -------     ----  ------
"BAT":                                             0x54
  BAT                     uninit           0x0     0x54  cstartup-common.o [12]
                                        - 0x54     0x54

"HEADERS":                                         0xac
  HEADER_block                          0x4000     0xac  <Block>
    AAT                   const         0x4000     0xac  cstartup-common.o [12]
                                      - 0x40ac     0xac

"APP ro":                                       0x3b120
  APPRO_block                           0x4100  0x3b120  <Block>
    .intvec               const         0x4100    0x134  startup_efr32mg21.o [62]
    Initializer bytes     const         0x4234    0x135  <for rw section .textrw-1>
    .text                               0x436c  0x3260e  <Block>
      .text               ro code       0x436c    0x12c  zll-utility-server.o [49]
      .text               ro code       0x4498    0x8dc  util.o [42]
      .text               ro code       0x4d74    0x118  callback-stub.o [1]
      .text               ro code       0x4e8c    0x16c  message.o [42]
      .text               ro code       0x4ff8    0x27c  client-api.o [42]
      .text               ro code       0x5274    0xcc0  attribute-storage.o [42]
      .text               ro code       0x5f34    0x4e6  attribute-table.o [42]
      .text               ro code       0x641a     0xbe  mem-util.o [1]
      .text               ro code       0x64d8     0x58  multi-network.o [42]
      .text               ro code       0x6530    0x19e  af-event.o [42]
      .text               ro code       0x66ce      0x2  identify-cli.o [23]
      .text               ro code       0x66d0    0x230  zll-commissioning-common.o [43]
      .text               ro code       0x6900    0xf24  green-power-client.o [18]
      .text               ro code       0x7824    0xa00  reporting.o [34]
      .text               ro code       0x8224     0x88  interpan-soc.o [24]
      .text               ro code       0x82ac    0x16c  counters-soc.o [9]
      .text               ro code       0x8418   0x1498  association.o [74]
      .text               ro code       0x98b0    0x208  ember-stack-common.o [74]
      .text               ro code       0x9ab8    0x124  print.o [42]
      .text               ro code       0x9bdc    0x118  time-util.o [42]
      .text               ro code       0x9cf4    0x14c  print-formatter.o [42]
      .text               ro code       0x9e40    0x42c  groups-server.o [20]
      .text               ro code       0xa26c     0x50  process-cluster-message.o [42]
      .text               ro code       0xa2bc    0x4ea  process-global-message.o [42]
      .text               ro code       0xa7a6      0x2  startup_efr32mg21.o [62]
      .text               ro code       0xa7a8    0x2c4  ember-multi-network-stub.o [68]
      .text               ro code       0xaa6c     0x18  ABImemcpy_small.o [70]
      .text               ro code       0xaa84     0x64  znet-bookkeeping.o [1]
      .text               ro code       0xaae8    0x55c  interpan.o [24]
      .text               ro code       0xb044    0x988  af-main-common.o [42]
      .text               ro code       0xb9cc    0x340  address-table.o [74]
      .text               ro code       0xbd0c    0x4d0  binding-table.o [50]
      .text               ro code       0xc1dc     0x50  random.o [1]
      .text               ro code       0xc22c    0x5ba  af-main-soc.o [42]
      .text               ro code       0xc7e6      0x2  startup_efr32mg21.o [62]
      .text               ro code       0xc7e8     0x98  micro-common.o [12]
      .text               ro code       0xc880    0x2cc  token.o [12]
      .text               ro code       0xcb4c     0x24  attribute-size.o [42]
      .text               ro code       0xcb70     0x12  ABImemset_small.o [70]
      .text               ro code       0xcb82      0x2  startup_efr32mg21.o [62]
      .text               ro code       0xcb84    0x24c  event-control.o [74]
      .text               ro code       0xcdd0     0x10  crypto-state.o [42]
      .text               ro code       0xcde0    0xdcc  scenes.o [36]
      .text               ro code       0xdbac    0x1d4  zll-commissioning-server.o [44]
      .text               ro code       0xdd80    0x810  zll-api.o [76]
      .text               ro code       0xe590    0x406  leave.o [74]
      .text               ro code       0xe996    0x128  zll-tokens.o [76]
      .text               ro code       0xeabe      0x2  startup_efr32mg21.o [62]
      .text               ro code       0xeac0    0xc54  gp-data.o [61]
      .text               ro code       0xf714    0x74c  scan.o [74]
      .text               ro code       0xfe60    0x100  zigbee-dispatch.o [74]
      .text               ro code       0xff60      0x6  ABImemclr4.o [70]
      .text               ro code       0xff66      0x2  startup_efr32mg21.o [62]
      .text               ro code       0xff68    0x15a  green-power-common.o [19]
      .text               ro code     0x1'00c2      0x2  startup_efr32mg21.o [62]
      .text               ro code     0x1'00c4    0x824  gp-proxy-table.o [61]
      .text               ro code     0x1'08e8    0x46c  zigbee-stack.o [74]
      .text               ro code     0x1'0d54   0x18f8  network.o [74]
      .text               ro code     0x1'264c     0x7a  gp-util.o [61]
      .text               ro code     0x1'26c6     0x3a  zero_init3.o [70]
      .text               ro code     0x1'2700    0x268  green-power-client-cli.o [18]
      .text               ro code     0x1'2968     0x78  reporting-default-configuration.o [34]
      .text               ro code     0x1'29e0     0xd0  system-timer.o [62]
      .text               ro code     0x1'2ab0    0x76c  packet-buffer.o [74]
      .text               ro code     0x1'321c    0x9d0  upper-mac.o [74]
      .text               ro code     0x1'3bec    0x380  mac-header.o [74]
      .text               ro code     0x1'3f6c    0x1fc  assert-crash-handlers.o [12]
      .text               ro code     0x1'4168    0x344  child-handling.o [74]
      .text               ro code     0x1'44ac    0x8e8  beacon-handling.o [74]
      .text               ro code     0x1'4d94    0x9b0  zigbee-device-util.o [74]
      .text               ro code     0x1'5744    0x184  token-cache.o [74]
      .text               ro code     0x1'58c8    0x2f8  management.o [74]
      .text               ro code     0x1'5bc0     0x14  debug-extended-stub.o [58]
      .text               ro code     0x1'5bd4    0x36c  random-id.o [74]
      .text               ro code     0x1'5f40    0xdb8  aps-security.o [71]
      .text               ro code     0x1'6cf8    0x74c  child.o [74]
      .text               ro code     0x1'7444     0x14  strong-random-api.o [40]
      .text               ro code     0x1'7458    0x628  command.o [74]
      .text               ro code     0x1'7a80    0x168  child-aging.o [74]
      .text               ro code     0x1'7be8      0xc  ember-multi-phy-stub.o [74]
      .text               ro code     0x1'7bf4     0x4c  ember-configuration.o [1]
      .text               ro code     0x1'7c40    0x258  packet-header.o [74]
      .text               ro code     0x1'7e98     0x5e  byte-utilities.o [74]
      .text               ro code     0x1'7ef6     0x7a  lz77_init_single.o [70]
      .text               ro code     0x1'7f70    0x5dc  zigbee-packet-header.o [74]
      .text               ro code     0x1'854c     0x48  child-table.o [74]
      .text               ro code     0x1'8594    0x5b5  mac-indirect.o [74]
      .text               ro code     0x1'8b4c    0x2f6  retry.o [74]
      .text               ro code     0x1'8e44    0x7d4  neighbor.o [74]
      .text               ro code     0x1'9618    0x664  trust-center-util.o [71]
      .text               ro code     0x1'9c7c     0x34  mac-info-element-parsing-stub.o [75]
      .text               ro code     0x1'9cb0   0x1438  phy.o [74]
      .text               ro code     0x1'b0e8    0x45c  zdo-channel.o [74]
      .text               ro code     0x1'b544    0x6b0  aps-keys.o [71]
      .text               ro code     0x1'bbf4     0x1c  zdo-r22-stub.o [75]
      .text               ro code     0x1'bc10     0x30  mac-dispatch.o [74]
      .text               ro code     0x1'bc40    0x2ae  ember-printf.o [13]
      .text               ro code     0x1'bef0     0xae  serial.o [38]
      .text               ro code     0x1'bfa0   0x1010  call-command-handler.o [1]
      .text               ro code     0x1'cfb0    0x1f8  zigbee-neighbor.o [74]
      .text               ro code     0x1'd1a8    0x14c  z3_mfgtoken_mg21_v662_callbacks.o [1]
      .text               ro code     0x1'd2f4    0x238  network-creator-security.o [29]
      .text               ro code     0x1'd52c     0x20  heartbeat.o [22]
      .text               ro code     0x1'd54c    0x108  update-tc-link-key.o [41]
      .text               ro code     0x1'd654    0x294  zigbee-device-library.o [1]
      .text               ro code     0x1'd8e8    0x46c  service-discovery-common.o [42]
      .text               ro code     0x1'dd54    0x604  network-steering.o [30]
      .text               ro code     0x1'e358    0x954  aps-retry.o [74]
      .text               ro code     0x1'ecac      0x8  em_core.o [15]
      .text               ro code     0x1'ecb4    0x5c2  micro.o [12]
      .text               ro code     0x1'f278     0xa4  cstartup-common.o [12]
      .text               ro code     0x1'f31c    0x3b0  diagnostic.o [12]
      .text               ro code     0x1'f6cc     0x1c  security-address-cache.o [1]
      .text               ro code     0x1'f6e8    0x754  command-interpreter2.o [1]
      .text               ro code     0x1'fe3c    0x272  mfg-token.o [12]
      .text               ro code     0x2'00b0    0xa58  application-support.o [74]
      .text               ro code     0x2'0b08    0x168  scan-dispatch.o [35]
      .text               ro code     0x2'0c70      0x4  faults-v7m.o [12]
      .text               ro code     0x2'0c74    0x79c  em_cmu.o [15]
      .text               ro code     0x2'1410     0xba  em_wdog.o [15]
      .text               ro code     0x2'14ca      0x4  sim-eeprom2-to-nvm3-upgrade-stub.o [73]
      .text               ro code     0x2'14d0   0x1a5e  nvm3.o [64]
      .text               ro code     0x2'2f2e      0x6  ember-base-configuration.o [1]
      .text               ro code     0x2'2f34      0xc  em_core.o [15]
      .text               ro code     0x2'2f40      0x6  em_core.o [15]
      .text               ro code     0x2'2f46     0x1a  em_core.o [15]
      .text               ro code     0x2'2f60    0x1ba  zll-scenes-server.o [48]
      .text               ro code     0x2'311c    0x984  zll-interpan.o [76]
      .text               ro code     0x2'3aa0    0x184  zll-security.o [76]
      .text               ro code     0x2'3c24     0xe4  af-trust-center.o [42]
      .text               ro code     0x2'3d08     0xb4  aes-efm32.o [74]
      .text               ro code     0x2'3dbc    0x428  crypto.o [74]
      .text               ro code     0x2'41e4    0x474  lower-mac-efr32.o [74]
      .text               ro code     0x2'4658     0x28  enhanced-beacon-request-stub.o [75]
      .text               ro code     0x2'4680     0x32  ABImemset48.o [70]
      .text               ro code     0x2'46b4    0x260  debug-jtag-efr32.o [11]
      .text               ro code     0x2'4914     0x90  ember-library.o [74]
      .text               ro code     0x2'49a4    0x3a6  rail_rf.o [65]
      .text               ro code     0x2'4d4a     0x12  phy-util.o [74]
      .text               ro code     0x2'4d5c    0x2d8  debug.o [57]
      .text               ro code     0x2'5034      0x6  cbke-crypto-engine-163k1-stub.o [51]
      .text               ro code     0x2'503a      0x6  cbke-crypto-engine-283k1-stub.o [52]
      .text               ro code     0x2'5040    0x1c4  broadcast.o [74]
      .text               ro code     0x2'5204    0x538  route-table.o [74]
      .text               ro code     0x2'573c      0xe  cbke-crypto-engine-stub.o [56]
      .text               ro code     0x2'574c     0x58  micro-common-internal.o [62]
      .text               ro code     0x2'57a4    0x22c  store-forward.o [74]
      .text               ro code     0x2'59d0     0x64  unicast-table.o [74]
      .text               ro code     0x2'5a34    0x4fc  aps-encryption.o [71]
      .text               ro code     0x2'5f30    0x2a8  jit.o [74]
      .text               ro code     0x2'61d8    0x7c6  route-discovery.o [74]
      .text               ro code     0x2'69a0     0x7a  led.o [12]
      .text               ro code     0x2'6a1a      0x8  packet-validate-stub.o [69]
      .text               ro code     0x2'6a22    0x154  route-error.o [74]
      .text               ro code     0x2'6b78    0x39c  neighbor-exchange.o [74]
      .text               ro code     0x2'6f14    0x5f8  rtcdriver.o [14]
      .text               ro code     0x2'750c    0x184  ustimer.o [14]
      .text               ro code     0x2'7690    0x170  sleep-efm32.o [12]
      .text               ro code     0x2'7800      0x8  em_core.o [15]
      .text               ro code     0x2'7808     0x50  micro-internal.o [62]
      .text               ro code     0x2'7858    0xa68  zigbee-device.o [74]
      .text               ro code     0x2'82c0      0x8  end-device-bind-stub.o [60]
      .text               ro code     0x2'82c8     0x6c  install-code-tokens.o [63]
      .text               ro code     0x2'8334    0x528  aps-keys-transient.o [71]
      .text               ro code     0x2'885c     0x62  hmac.o [71]
      .text               ro code     0x2'88be     0x1a  aps-keys-full-stub.o [72]
      .text               ro code     0x2'88d8      0x4  ember-duty-cycle-stub.o [74]
      .text               ro code     0x2'88dc     0x22  I64Shl.o [70]
      .text               ro code     0x2'88fe      0xc  coexistence-802154.o [7]
      .text               ro code     0x2'890c    0x14c  rail_singleprotocol.o [65]
      .text               ro code     0x2'8a58     0xbe  rail_calibration.o [65]
      .text               ro code     0x2'8b18     0xfe  rail_tx.o [65]
      .text               ro code     0x2'8c18    0x1e4  rail_ieee802154.o [65]
      .text               ro code     0x2'8dfc     0x5e  duty-cycle-stub.o [74]
      .text               ro code     0x2'8e5c     0x34  antenna-stub.o [4]
      .text               ro code     0x2'8e90     0xa0  rail_data.o [65]
      .text               ro code     0x2'8f30     0x26  rail_rx.o [65]
      .text               ro code     0x2'8f58     0x18  eui64.o [74]
      .text               ro code     0x2'8f70     0xb0  rail_autoack.o [65]
      .text               ro code     0x2'9020      0xc  rail_pti.o [65]
      .text               ro code     0x2'902c      0x2  phy.o [74]
      .text               ro code     0x2'9030     0xca  security-config-mfg-3xx.o [71]
      .text               ro code     0x2'90fc    0x762  com.o [37]
      .text               ro code     0x2'9860     0x28  basic.o [5]
      .text               ro code     0x2'9888    0x11c  identify.o [23]
      .text               ro code     0x2'99a4    0x142  zll-identify-server.o [45]
      .text               ro code     0x2'9ae8    0x1c4  on-off.o [33]
      .text               ro code     0x2'9cac    0x3f0  zll-on-off-server.o [47]
      .text               ro code     0x2'a09c    0x70c  level-control.o [25]
      .text               ro code     0x2'a7a8    0xdfa  color-control-server.o [8]
      .text               ro code     0x2'b5a4     0x44  find-and-bind-target.o [17]
      .text               ro code     0x2'b5e8    0x368  network-creator.o [28]
      .text               ro code     0x2'b950    0x100  zigbee-device-common.o [1]
      .text               ro code     0x2'ba50     0x56  service-discovery-soc.o [42]
      .text               ro code     0x2'baa8     0x68  network-steering-soc.o [30]
      .text               ro code     0x2'bb10      0x2  af-security-common.o [42]
      .text               ro code     0x2'bb14     0x1c  em_system.o [15]
      .text               ro code     0x2'bb30     0xd8  hal-config.o [21]
      .text               ro code     0x2'bc08    0x194  tempdrv.o [14]
      .text               ro code     0x2'bd9c     0x82  em_emu.o [15]
      .text               ro code     0x2'be20     0x1c  pa_conversions_efr32.o [65]
      .text               ro code     0x2'be3c      0x4  hal-config-gpio.o [21]
      .text               ro code     0x2'be40     0x1c  em_rmu.o [15]
      .text               ro code     0x2'be5c    0x524  core-cli.o [42]
      .text               ro code     0x2'c380     0xf4  em_se.o [15]
      Veneer              ro code     0x2'c474      0x8  - Linker created -
      .text               ro code     0x2'c47c     0xbc  flash.o [62]
      .text               ro code     0x2'c538      0x4  cbke-crypto-engine-dsa-sign-stub.o [53]
      .text               ro code     0x2'c53c     0x70  faults-v7m.o [12]
      .text               ro code     0x2'c5ac    0x148  system_efr32mg21.o [15]
      .text               ro code     0x2'c6f4    0x256  nvm3_page.o [64]
      .text               ro code     0x2'c94c    0x1ba  nvm3_object.o [64]
      .text               ro code     0x2'cb08    0x1fa  nvm3_cache.o [64]
      .text               ro code     0x2'cd02     0x3e  nvm3_utils.o [64]
      .text               ro code     0x2'cd40     0x10  nvm3_lock.o [31]
      .text               ro code     0x2'cd50      0xc  nvm3_lock.o [31]
      .text               ro code     0x2'cd5c     0x24  crc.o [1]
      .text               ro code     0x2'cd80    0x14e  aes-mmo.o [71]
      .text               ro code     0x2'ced0    0x134  se_aes.o [27]
      .text               ro code     0x2'd004    0x1c8  ccm-star.o [6]
      .text               ro code     0x2'd1cc    0x10c  symbol-timer.o [74]
      .text               ro code     0x2'd2d8    0x134  em_gpio.o [15]
      .text               ro code     0x2'd40c    0x170  SEGGER_RTT.o [10]
      .text               ro code     0x2'd57c     0x28  rfhal_module.o [65]
      .text               ro code     0x2'd5a4   0x158c  rail_rf_hal.o [65]
      .text               ro code     0x2'eb30     0x18  rail_assert.o [65]
      .text               ro code     0x2'eb48     0xc0  pa_conversions_efr32.o [65]
      .text               ro code     0x2'ec08      0x8  em_core.o [15]
      .text               ro code     0x2'ec10      0x6  em_core.o [15]
      .text               ro code     0x2'ec18     0xb8  rfhal_antenna.o [65]
      .text               ro code     0x2'ecd0     0x9c  em_rtcc.o [15]
      .text               ro code     0x2'ed6c    0x106  I64DivMod_small.o [70]
      .text               ro code     0x2'ee74    0x1ba  em_timer.o [15]
      .text               ro code     0x2'f030    0x1c4  zdo-binding-table.o [50]
      .text               ro code     0x2'f1f4      0x6  rail_rssi.o [65]
      .text               ro code     0x2'f1fc     0x68  rfhal_ircal.o [65]
      .text               ro code     0x2'f264     0xac  pa_conversions_efr32.o [65]
      .text               ro code     0x2'f310    0x280  rail_ieee802154_rf_hal.o [65]
      .text               ro code     0x2'f590    0xb34  uartdrv.o [14]
      .text               ro code     0x3'00c4    0x1ea  em_usart.o [15]
      .text               ro code     0x3'02ae     0x1e  zll-level-control-server.o [46]
      .text               ro code     0x3'02cc    0x156  button.o [12]
      .text               ro code     0x3'0422      0x2  em_emu.o [15]
      .text               ro code     0x3'0424     0x30  em_msc.o [15]
      .text               ro code     0x3'0454     0x1c  se_management.o [27]
      .text               ro code     0x3'0470      0x4  rail_timer.o [65]
      .text               ro code     0x3'0474     0x18  strcpy.o [70]
      .text               ro code     0x3'048c    0x2cc  rfhal_timings.o [65]
      .text               ro code     0x3'0758    0xecc  generic_phy.o [65]
      .text               ro code     0x3'1624    0x580  rfhal_radio.o [65]
      .text               ro code     0x3'1ba4    0x76c  rfhal_pa.o [65]
      .text               ro code     0x3'2310    0x600  rfhal_bufc.o [65]
      .text               ro code     0x3'2910    0x4ea  rfhal_protimer.o [65]
      .text               ro code     0x3'2dfc     0x2c  rfhal_tempcal.o [65]
      .text               ro code     0x3'2e28    0x152  rfhal_rftest.o [65]
      .text               ro code     0x3'2f7c    0x2f8  rfhal_synth.o [65]
      .text               ro code     0x3'3274    0x120  rfhal_rand.o [65]
      .text               ro code     0x3'3394    0x134  rfhal_pti.o [65]
      .text               ro code     0x3'34c8      0x2  I64DivZer.o [70]
      .text               ro code     0x3'34cc    0x430  dmadrv.o [14]
      .text               ro code     0x3'38fc     0xc0  gpiointerrupt.o [14]
      .text               ro code     0x3'39bc     0x4c  em_core.o [15]
      .text               ro code     0x3'3a08     0x14  rail_ble_rf_hal.o [65]
      .text               ro code     0x3'3a1c     0x44  seq_globals.o [65]
      .text               ro code     0x3'3a60     0x1e  U64Shr.o [70]
      .text               ro code     0x3'3a80      0x6  ABImemclr.o [70]
      .text               ro code     0x3'3a88    0x184  em_ldma.o [15]
      .text               ro code     0x3'3c0c     0x40  em_core.o [15]
      .text               ro code     0x3'3c4c    0x38e  zll-commissioning-cli.o [43]
      .text               ro code     0x3'3fdc    0x314  network-cli.o [42]
      .text               ro code     0x3'42f0    0x360  option-cli.o [42]
      .text               ro code     0x3'4650    0x360  security-cli.o [42]
      .text               ro code     0x3'49b0    0x9f2  zcl-cli.o [42]
      .text               ro code     0x3'53a4    0x58a  zdo-cli.o [42]
      .text               ro code     0x3'5930     0x18  scenes-cli.o [36]
      .text               ro code     0x3'5948     0xb0  reporting-cli.o [34]
      Veneer              ro code     0x3'59f8      0x8  - Linker created -
      .text               ro code     0x3'5a00     0xe0  nvm3_hal_flash.o [32]
      .text               ro code     0x3'5ae0     0x1e  memcmp_small.o [70]
      .text               ro code     0x3'5b00    0x21a  network-steering-cli.o [30]
      .text               ro code     0x3'5d1c     0xe4  network-creator-security-cli.o [29]
      .text               ro code     0x3'5e00    0x16c  network-creator-cli.o [28]
      .text               ro code     0x3'5f6c    0x41c  manufacturing-library-cli-soc.o [26]
      .text               ro code     0x3'6388    0x238  mfglib.o [67]
      .text               ro code     0x3'65c0     0xd4  interpan-cli.o [24]
      .text               ro code     0x3'6694     0x5c  groups-server-cli.o [20]
      .text               ro code     0x3'66f0      0x4  faults-v7m.o [12]
      .text               ro code     0x3'66f4      0x4  faults-v7m.o [12]
      .text               ro code     0x3'66f8      0x4  faults-v7m.o [12]
      .text               ro code     0x3'66fc      0x4  faults-v7m.o [12]
      .text               ro code     0x3'6700      0x4  faults-v7m.o [12]
      .text               ro code     0x3'6704      0x4  faults-v7m.o [12]
      .text               ro code     0x3'6708      0x4  isr-stubs.o [12]
      .text               ro code     0x3'670c     0xc0  counters-cli.o [9]
      .text               ro code     0x3'67cc     0xac  library.o [1]
      .text               ro code     0x3'6878     0x1c  rfhal_rtccsync.o [65]
      .text               ro code     0x3'6894     0x22  fpinit_M.o [66]
      .text               ro code     0x3'68b8     0x1e  cmain.o [70]
      .text               ro code     0x3'68d6      0x4  low_level_init.o [59]
      .text               ro code     0x3'68dc     0x28  data_init.o [70]
      .text               ro code     0x3'6904     0x12  simple-main.o [39]
      .text               ro code     0x3'6916      0x4  exit.o [59]
      .text               ro code     0x3'691c      0xa  cexit.o [70]
      .text               ro code     0x3'6928      0xc  XXexit.o [70]
      .text               ro code     0x3'6934     0x10  update-tc-link-key-cli.o [41]
      .text               ro code     0x3'6944     0x12  find-and-bind-target-cli.o [17]
      .text               ro code     0x3'6956      0xa  znet-cli.o [1]
      .text               ro code     0x3'6960      0xe  startup_efr32mg21.o [62]
      .text               ro code     0x3'696e      0xc  cstartup_M.o [70]
    .rodata               const       0x3'697c      0x4  zll-utility-server.o [49]
    .rodata               const       0x3'6980      0x4  zll-scenes-server.o [48]
    .rodata               const       0x3'6984      0x8  zll-on-off-server.o [47]
    .rodata               const       0x3'698c      0x8  zll-on-off-server.o [47]
    .rodata               const       0x3'6994     0x10  zll-on-off-server.o [47]
    .rodata               const       0x3'69a4     0x18  zll-on-off-server.o [47]
    .rodata               const       0x3'69bc      0x4  zll-commissioning-server.o [44]
    .rodata               const       0x3'69c0     0x1c  zll-commissioning-server.o [44]
    .rodata               const       0x3'69dc     0x20  zll-commissioning-server.o [44]
    .rodata               const       0x3'69fc     0x2c  zll-commissioning-cli.o [43]
    .rodata               const       0x3'6a28     0x2c  zll-commissioning-cli.o [43]
    .rodata               const       0x3'6a54      0x8  zll-commissioning-cli.o [43]
    .rodata               const       0x3'6a5c      0x8  zll-commissioning-cli.o [43]
    .rodata               const       0x3'6a64     0x18  zll-commissioning-cli.o [43]
    .rodata               const       0x3'6a7c     0x18  zll-commissioning-cli.o [43]
    .rodata               const       0x3'6a94     0x14  zll-commissioning-cli.o [43]
    .rodata               const       0x3'6aa8      0xc  zll-commissioning-cli.o [43]
    .rodata               const       0x3'6ab4     0x10  zll-commissioning-cli.o [43]
    .rodata               const       0x3'6ac4      0x8  zll-commissioning-cli.o [43]
    .rodata               const       0x3'6acc      0x8  zll-commissioning-cli.o [43]
    .rodata               const       0x3'6ad4      0xc  zll-commissioning-cli.o [43]
    .rodata               const       0x3'6ae0      0x8  zll-commissioning-cli.o [43]
    .rodata               const       0x3'6ae8      0xc  zll-commissioning-cli.o [43]
    .rodata               const       0x3'6af4      0xc  zll-commissioning-cli.o [43]
    .rodata               const       0x3'6b00     0x10  zll-commissioning-cli.o [43]
    .rodata               const       0x3'6b10     0x28  zll-commissioning-cli.o [43]
    .rodata               const       0x3'6b38     0x28  zll-commissioning-cli.o [43]
    .rodata               const       0x3'6b60     0x18  zll-commissioning-cli.o [43]
    .rodata               const       0x3'6b78     0x14  zll-commissioning-cli.o [43]
    .rodata               const       0x3'6b8c     0x18  zll-commissioning-cli.o [43]
    .rodata               const       0x3'6ba4     0x18  zll-commissioning-cli.o [43]
    .rodata               const       0x3'6bbc     0x1c  zll-commissioning-cli.o [43]
    .rodata               const       0x3'6bd8     0x14  zll-commissioning-cli.o [43]
    .rodata               const       0x3'6bec     0x20  zll-commissioning-cli.o [43]
    .rodata               const       0x3'6c0c     0x10  zll-commissioning-cli.o [43]
    .rodata               const       0x3'6c1c      0x8  zll-commissioning-cli.o [43]
    .rodata               const       0x3'6c24      0xc  zll-commissioning-cli.o [43]
    .rodata               const       0x3'6c30      0xc  zll-commissioning-cli.o [43]
    .rodata               const       0x3'6c3c     0x30  zll-commissioning-common.o [43]
    .rodata               const       0x3'6c6c     0x1c  zll-commissioning-common.o [43]
    .rodata               const       0x3'6c88     0x28  zll-commissioning-common.o [43]
    .rodata               const       0x3'6cb0     0x14  zll-commissioning-common.o [43]
    .rodata               const       0x3'6cc4      0x8  zll-commissioning-common.o [43]
    .rodata               const       0x3'6ccc     0x18  zll-commissioning-common.o [43]
    .rodata               const       0x3'6ce4     0x18  zll-commissioning-common.o [43]
    .rodata               const       0x3'6cfc     0x30  zll-commissioning-common.o [43]
    .rodata               const       0x3'6d2c     0x20  zll-commissioning-common.o [43]
    .rodata               const       0x3'6d4c     0x18  zll-commissioning-common.o [43]
    .rodata               const       0x3'6d64     0x10  zll-commissioning-common.o [43]
    .rodata               const       0x3'6d74     0x20  af-event.o [42]
    .rodata               const       0x3'6d94     0x20  af-event.o [42]
    .rodata               const       0x3'6db4     0x20  af-event.o [42]
    .rodata               const       0x3'6dd4     0x20  af-event.o [42]
    .rodata               const       0x3'6df4     0x20  af-event.o [42]
    .rodata               const       0x3'6e14     0x1c  af-event.o [42]
    .rodata               const       0x3'6e30     0x24  af-event.o [42]
    .rodata               const       0x3'6e54     0x20  af-event.o [42]
    .rodata               const       0x3'6e74     0x1c  af-event.o [42]
    .rodata               const       0x3'6e90     0x24  af-event.o [42]
    .rodata               const       0x3'6eb4     0x20  af-event.o [42]
    .rodata               const       0x3'6ed4     0x38  af-event.o [42]
    .rodata               const       0x3'6f0c     0x34  af-event.o [42]
    .rodata               const       0x3'6f40     0x34  af-event.o [42]
    .rodata               const       0x3'6f74     0x24  af-event.o [42]
    .rodata               const       0x3'6f98     0x2c  af-event.o [42]
    .rodata               const       0x3'6fc4     0x20  af-event.o [42]
    .rodata               const       0x3'6fe4     0x24  af-event.o [42]
    .rodata               const       0x3'7008     0x2c  af-event.o [42]
    .rodata               const       0x3'7034     0x28  af-event.o [42]
    .rodata               const       0x3'705c     0x18  af-event.o [42]
    .rodata               const       0x3'7074     0x1c  af-event.o [42]
    .rodata               const       0x3'7090     0x30  af-event.o [42]
    .rodata               const       0x3'70c0     0x24  af-event.o [42]
    .rodata               const       0x3'70e4     0x30  af-event.o [42]
    .rodata               const       0x3'7114     0x30  af-event.o [42]
    .rodata               const       0x3'7144     0x30  af-event.o [42]
    .rodata               const       0x3'7174     0xe0  af-event.o [42]
    .rodata               const       0x3'7254      0xc  af-main-common.o [42]
    .rodata               const       0x3'7260      0x8  af-main-common.o [42]
    .rodata               const       0x3'7268      0x8  af-main-common.o [42]
    .rodata               const       0x3'7270      0x8  af-main-common.o [42]
    .rodata               const       0x3'7278      0x8  af-main-common.o [42]
    .rodata               const       0x3'7280      0x8  af-main-common.o [42]
    .rodata               const       0x3'7288      0x8  af-main-common.o [42]
    .rodata               const       0x3'7290      0x4  af-main-common.o [42]
    .rodata               const       0x3'7294      0x8  af-main-common.o [42]
    .rodata               const       0x3'729c      0x8  af-main-common.o [42]
    .rodata               const       0x3'72a4     0x10  af-main-common.o [42]
    .rodata               const       0x3'72b4      0x8  af-main-common.o [42]
    .rodata               const       0x3'72bc      0x4  af-main-common.o [42]
    .rodata               const       0x3'72c0     0x3c  af-main-common.o [42]
    .rodata               const       0x3'72fc     0x18  af-main-common.o [42]
    .rodata               const       0x3'7314     0x28  af-main-common.o [42]
    .rodata               const       0x3'733c     0x14  af-main-common.o [42]
    .rodata               const       0x3'7350      0x8  af-main-common.o [42]
    .rodata               const       0x3'7358      0x8  af-main-common.o [42]
    .rodata               const       0x3'7360     0x10  af-main-common.o [42]
    .rodata               const       0x3'7370     0x28  af-main-common.o [42]
    .rodata               const       0x3'7398     0x18  af-main-common.o [42]
    .rodata               const       0x3'73b0     0x1c  af-main-common.o [42]
    .rodata               const       0x3'73cc     0x24  af-main-common.o [42]
    .rodata               const       0x3'73f0      0x8  af-main-common.o [42]
    .rodata               const       0x3'73f8     0x14  af-main-common.o [42]
    .rodata               const       0x3'740c     0x30  af-main-common.o [42]
    .rodata               const       0x3'743c     0x14  af-main-common.o [42]
    .rodata               const       0x3'7450      0x8  af-main-common.o [42]
    .rodata               const       0x3'7458      0x8  af-main-common.o [42]
    .rodata               const       0x3'7460      0xc  af-main-common.o [42]
    .rodata               const       0x3'746c      0x8  af-main-common.o [42]
    .rodata               const       0x3'7474     0x10  af-main-common.o [42]
    .rodata               const       0x3'7484      0x8  af-main-common.o [42]
    .rodata               const       0x3'748c      0xc  af-main-common.o [42]
    .rodata               const       0x3'7498     0x20  af-main-common.o [42]
    .rodata               const       0x3'74b8      0xc  af-main-common.o [42]
    .rodata               const       0x3'74c4      0xc  af-main-common.o [42]
    .rodata               const       0x3'74d0      0x8  af-main-common.o [42]
    .rodata               const       0x3'74d8     0x30  af-main-common.o [42]
    .rodata               const       0x3'7508     0x1c  af-main-common.o [42]
    .rodata               const       0x3'7524      0x8  af-main-common.o [42]
    .rodata               const       0x3'752c     0x18  af-main-common.o [42]
    .rodata               const       0x3'7544      0x4  af-main-common.o [42]
    .rodata               const       0x3'7548     0x10  af-main-common.o [42]
    .rodata               const       0x3'7558     0x48  af-main-common.o [42]
    .rodata               const       0x3'75a0     0x18  af-main-soc.o [42]
    .rodata               const       0x3'75b8     0x20  af-main-soc.o [42]
    .rodata               const       0x3'75d8     0x14  af-main-soc.o [42]
    .rodata               const       0x3'75ec      0x8  af-main-soc.o [42]
    .rodata               const       0x3'75f4     0x10  af-main-soc.o [42]
    .rodata               const       0x3'7604      0x4  af-main-soc.o [42]
    .rodata               const       0x3'7608     0x18  af-main-soc.o [42]
    .rodata               const       0x3'7620      0xc  af-main-soc.o [42]
    .rodata               const       0x3'762c      0xc  af-main-soc.o [42]
    .rodata               const       0x3'7638     0x18  af-main-soc.o [42]
    .rodata               const       0x3'7650     0x18  af-main-soc.o [42]
    .rodata               const       0x3'7668      0x4  af-trust-center.o [42]
    .rodata               const       0x3'766c     0x30  attribute-size.o [42]
    .rodata               const       0x3'769c      0x4  attribute-storage.o [42]
    .rodata               const       0x3'76a0      0x8  attribute-storage.o [42]
    .rodata               const       0x3'76a8      0x8  attribute-storage.o [42]
    .rodata               const       0x3'76b0      0x4  attribute-storage.o [42]
    .rodata               const       0x3'76b4      0x4  attribute-storage.o [42]
    .rodata               const       0x3'76b8     0x18  attribute-storage.o [42]
    .rodata               const       0x3'76d0      0x8  attribute-storage.o [42]
    .rodata               const       0x3'76d8      0x4  attribute-storage.o [42]
    .rodata               const       0x3'76dc      0x4  attribute-storage.o [42]
    .rodata               const       0x3'76e0      0x8  attribute-storage.o [42]
    .rodata               const       0x3'76e8      0x4  attribute-storage.o [42]
    .rodata               const       0x3'76ec      0x4  attribute-storage.o [42]
    .rodata               const       0x3'76f0    0x12c  attribute-storage.o [42]
    .rodata               const       0x3'781c      0x4  attribute-storage.o [42]
    .rodata               const       0x3'7820    0x3d8  attribute-storage.o [42]
    .rodata               const       0x3'7bf8    0x12c  attribute-storage.o [42]
    .rodata               const       0x3'7d24     0x18  attribute-storage.o [42]
    .rodata               const       0x3'7d3c      0x4  attribute-storage.o [42]
    .rodata               const       0x3'7d40      0x4  attribute-storage.o [42]
    .rodata               const       0x3'7d44     0x10  core-cli.o [42]
    .rodata               const       0x3'7d54     0x10  core-cli.o [42]
    .rodata               const       0x3'7d64     0x1c  core-cli.o [42]
    .rodata               const       0x3'7d80      0x8  core-cli.o [42]
    .rodata               const       0x3'7d88     0x18  core-cli.o [42]
    .rodata               const       0x3'7da0     0x18  core-cli.o [42]
    .rodata               const       0x3'7db8      0x8  core-cli.o [42]
    .rodata               const       0x3'7dc0     0x20  core-cli.o [42]
    .rodata               const       0x3'7de0      0xc  core-cli.o [42]
    .rodata               const       0x3'7dec      0xc  core-cli.o [42]
    .rodata               const       0x3'7df8     0x20  core-cli.o [42]
    .rodata               const       0x3'7e18      0xc  core-cli.o [42]
    .rodata               const       0x3'7e24     0x24  core-cli.o [42]
    .rodata               const       0x3'7e48      0xc  core-cli.o [42]
    .rodata               const       0x3'7e54      0x8  core-cli.o [42]
    .rodata               const       0x3'7e5c      0x8  core-cli.o [42]
    .rodata               const       0x3'7e64     0x10  core-cli.o [42]
    .rodata               const       0x3'7e74      0xc  core-cli.o [42]
    .rodata               const       0x3'7e80     0x14  core-cli.o [42]
    .rodata               const       0x3'7e94      0xc  core-cli.o [42]
    .rodata               const       0x3'7ea0     0x20  core-cli.o [42]
    .rodata               const       0x3'7ec0      0x8  core-cli.o [42]
    .rodata               const       0x3'7ec8      0xc  core-cli.o [42]
    .rodata               const       0x3'7ed4     0x34  core-cli.o [42]
    .rodata               const       0x3'7f08     0x18  core-cli.o [42]
    .rodata               const       0x3'7f20      0xc  core-cli.o [42]
    .rodata               const       0x3'7f2c      0xc  core-cli.o [42]
    .rodata               const       0x3'7f38     0x10  core-cli.o [42]
    .rodata               const       0x3'7f48      0xc  core-cli.o [42]
    .rodata               const       0x3'7f54      0xc  core-cli.o [42]
    .rodata               const       0x3'7f60     0x14  core-cli.o [42]
    .rodata               const       0x3'7f74     0x1c  core-cli.o [42]
    .rodata               const       0x3'7f90      0x4  core-cli.o [42]
    .rodata               const       0x3'7f94      0x8  core-cli.o [42]
    .rodata               const       0x3'7f9c      0xc  core-cli.o [42]
    .rodata               const       0x3'7fa8      0x8  core-cli.o [42]
    .rodata               const       0x3'7fb0     0x20  core-cli.o [42]
    .rodata               const       0x3'7fd0      0x8  core-cli.o [42]
    .rodata               const       0x3'7fd8     0x10  core-cli.o [42]
    .rodata               const       0x3'7fe8     0x10  core-cli.o [42]
    .rodata               const       0x3'7ff8      0x8  core-cli.o [42]
    .rodata               const       0x3'8000      0xc  core-cli.o [42]
    .rodata               const       0x3'800c      0x8  core-cli.o [42]
    .rodata               const       0x3'8014      0xc  core-cli.o [42]
    .rodata               const       0x3'8020     0x1c  core-cli.o [42]
    .rodata               const       0x3'803c      0x4  core-cli.o [42]
    .rodata               const       0x3'8040      0x8  network-cli.o [42]
    .rodata               const       0x3'8048      0x8  network-cli.o [42]
    .rodata               const       0x3'8050      0x8  network-cli.o [42]
    .rodata               const       0x3'8058     0x18  network-cli.o [42]
    .rodata               const       0x3'8070     0x1c  network-cli.o [42]
    .rodata               const       0x3'808c     0x10  network-cli.o [42]
    .rodata               const       0x3'809c      0x8  network-cli.o [42]
    .rodata               const       0x3'80a4     0x14  network-cli.o [42]
    .rodata               const       0x3'80b8     0x14  network-cli.o [42]
    .rodata               const       0x3'80cc     0x20  network-cli.o [42]
    .rodata               const       0x3'80ec     0x1c  network-cli.o [42]
    .rodata               const       0x3'8108     0x18  network-cli.o [42]
    .rodata               const       0x3'8120     0x1c  network-cli.o [42]
    .rodata               const       0x3'813c     0x10  network-cli.o [42]
    .rodata               const       0x3'814c     0x1c  network-cli.o [42]
    .rodata               const       0x3'8168     0x18  network-cli.o [42]
    .rodata               const       0x3'8180      0x8  network-cli.o [42]
    .rodata               const       0x3'8188     0x14  network-cli.o [42]
    .rodata               const       0x3'819c     0x14  network-cli.o [42]
    .rodata               const       0x3'81b0      0x8  network-cli.o [42]
    .rodata               const       0x3'81b8     0x1c  network-cli.o [42]
    .rodata               const       0x3'81d4     0x20  network-cli.o [42]
    .rodata               const       0x3'81f4     0x30  network-cli.o [42]
    .rodata               const       0x3'8224     0x30  network-cli.o [42]
    .rodata               const       0x3'8254     0x1c  option-cli.o [42]
    .rodata               const       0x3'8270      0xc  option-cli.o [42]
    .rodata               const       0x3'827c     0x1c  option-cli.o [42]
    .rodata               const       0x3'8298     0x18  option-cli.o [42]
    .rodata               const       0x3'82b0     0x14  option-cli.o [42]
    .rodata               const       0x3'82c4      0xc  option-cli.o [42]
    .rodata               const       0x3'82d0      0x8  option-cli.o [42]
    .rodata               const       0x3'82d8      0x8  option-cli.o [42]
    .rodata               const       0x3'82e0      0x8  option-cli.o [42]
    .rodata               const       0x3'82e8      0x8  option-cli.o [42]
    .rodata               const       0x3'82f0      0x8  option-cli.o [42]
    .rodata               const       0x3'82f8      0x8  option-cli.o [42]
    .rodata               const       0x3'8300      0x8  option-cli.o [42]
    .rodata               const       0x3'8308     0x30  option-cli.o [42]
    .rodata               const       0x3'8338      0x8  option-cli.o [42]
    .rodata               const       0x3'8340      0x4  option-cli.o [42]
    .rodata               const       0x3'8344     0x24  option-cli.o [42]
    .rodata               const       0x3'8368     0x20  option-cli.o [42]
    .rodata               const       0x3'8388     0x18  option-cli.o [42]
    .rodata               const       0x3'83a0     0x10  option-cli.o [42]
    .rodata               const       0x3'83b0     0x24  option-cli.o [42]
    .rodata               const       0x3'83d4     0x3c  option-cli.o [42]
    .rodata               const       0x3'8410     0x20  option-cli.o [42]
    .rodata               const       0x3'8430     0x14  option-cli.o [42]
    .rodata               const       0x3'8444     0x14  option-cli.o [42]
    .rodata               const       0x3'8458      0x4  print-formatter.o [42]
    .rodata               const       0x3'845c     0x18  print-formatter.o [42]
    .rodata               const       0x3'8474      0x4  print-formatter.o [42]
    .rodata               const       0x3'8478      0x4  print-formatter.o [42]
    .rodata               const       0x3'847c      0x4  print-formatter.o [42]
    .rodata               const       0x3'8480      0x8  print.o [42]
    .rodata               const       0x3'8488      0xc  print.o [42]
    .rodata               const       0x3'8494     0x1c  print.o [42]
    .rodata               const       0x3'84b0      0x4  print.o [42]
    .rodata               const       0x3'84b4     0x10  print.o [42]
    .rodata               const       0x3'84c4     0x2c  process-cluster-message.o [42]
    .rodata               const       0x3'84f0      0x8  process-cluster-message.o [42]
    .rodata               const       0x3'84f8      0xc  process-global-message.o [42]
    .rodata               const       0x3'8504     0x18  security-cli.o [42]
    .rodata               const       0x3'851c      0x8  security-cli.o [42]
    .rodata               const       0x3'8524     0x38  security-cli.o [42]
    .rodata               const       0x3'855c     0x10  security-cli.o [42]
    .rodata               const       0x3'856c      0x8  security-cli.o [42]
    .rodata               const       0x3'8574     0x14  security-cli.o [42]
    .rodata               const       0x3'8588      0x8  security-cli.o [42]
    .rodata               const       0x3'8590      0xc  security-cli.o [42]
    .rodata               const       0x3'859c      0x8  security-cli.o [42]
    .rodata               const       0x3'85a4      0xc  security-cli.o [42]
    .rodata               const       0x3'85b0     0x14  security-cli.o [42]
    .rodata               const       0x3'85c4     0x10  security-cli.o [42]
    .rodata               const       0x3'85d4     0x28  security-cli.o [42]
    .rodata               const       0x3'85fc     0x38  security-cli.o [42]
    .rodata               const       0x3'8634      0x8  security-cli.o [42]
    .rodata               const       0x3'863c      0x8  security-cli.o [42]
    .rodata               const       0x3'8644      0x8  security-cli.o [42]
    .rodata               const       0x3'864c     0x10  security-cli.o [42]
    .rodata               const       0x3'865c     0x3c  security-cli.o [42]
    .rodata               const       0x3'8698      0x8  security-cli.o [42]
    .rodata               const       0x3'86a0      0xc  security-cli.o [42]
    .rodata               const       0x3'86ac     0x44  security-cli.o [42]
    .rodata               const       0x3'86f0      0x8  security-cli.o [42]
    .rodata               const       0x3'86f8      0xc  security-cli.o [42]
    .rodata               const       0x3'8704     0x50  security-cli.o [42]
    .rodata               const       0x3'8754     0x24  time-util.o [42]
    .rodata               const       0x3'8778      0xc  time-util.o [42]
    .rodata               const       0x3'8784      0x8  util.o [42]
    .rodata               const       0x3'878c      0xc  util.o [42]
    .rodata               const       0x3'8798      0x8  util.o [42]
    .rodata               const       0x3'87a0      0x8  util.o [42]
    .rodata               const       0x3'87a8      0x8  util.o [42]
    .rodata               const       0x3'87b0     0x10  util.o [42]
    .rodata               const       0x3'87c0      0xc  util.o [42]
    .rodata               const       0x3'87cc     0x10  util.o [42]
    .rodata               const       0x3'87dc     0x14  util.o [42]
    .rodata               const       0x3'87f0     0x18  util.o [42]
    .rodata               const       0x3'8808      0x8  util.o [42]
    .rodata               const       0x3'8810      0x8  util.o [42]
    .rodata               const       0x3'8818     0x20  util.o [42]
    .rodata               const       0x3'8838      0xc  util.o [42]
    .rodata               const       0x3'8844     0x20  util.o [42]
    .rodata               const       0x3'8864     0x1c  util.o [42]
    .rodata               const       0x3'8880      0x8  util.o [42]
    .rodata               const       0x3'8888     0x50  util.o [42]
    .rodata               const       0x3'88d8     0x20  util.o [42]
    .rodata               const       0x3'88f8     0x14  util.o [42]
    .rodata               const       0x3'890c     0x24  zcl-cli.o [42]
    .rodata               const       0x3'8930      0xc  zcl-cli.o [42]
    .rodata               const       0x3'893c     0x44  zcl-cli.o [42]
    .rodata               const       0x3'8980     0x28  zcl-cli.o [42]
    .rodata               const       0x3'89a8     0x34  zcl-cli.o [42]
    .rodata               const       0x3'89dc     0x30  zcl-cli.o [42]
    .rodata               const       0x3'8a0c      0x8  zcl-cli.o [42]
    .rodata               const       0x3'8a14     0x28  zcl-cli.o [42]
    .rodata               const       0x3'8a3c     0x10  zcl-cli.o [42]
    .rodata               const       0x3'8a4c     0x14  zcl-cli.o [42]
    .rodata               const       0x3'8a60     0x1c  zcl-cli.o [42]
    .rodata               const       0x3'8a7c     0x14  zcl-cli.o [42]
    .rodata               const       0x3'8a90     0x24  zcl-cli.o [42]
    .rodata               const       0x3'8ab4      0x8  zcl-cli.o [42]
    .rodata               const       0x3'8abc      0xc  zcl-cli.o [42]
    .rodata               const       0x3'8ac8     0x10  zcl-cli.o [42]
    .rodata               const       0x3'8ad8      0x8  zcl-cli.o [42]
    .rodata               const       0x3'8ae0      0x8  zcl-cli.o [42]
    .rodata               const       0x3'8ae8     0x18  zcl-cli.o [42]
    .rodata               const       0x3'8b00     0x18  zcl-cli.o [42]
    .rodata               const       0x3'8b18      0x8  zcl-cli.o [42]
    .rodata               const       0x3'8b20     0x18  zcl-cli.o [42]
    .rodata               const       0x3'8b38      0x8  zcl-cli.o [42]
    .rodata               const       0x3'8b40     0x18  zdo-cli.o [42]
    .rodata               const       0x3'8b58     0x18  zdo-cli.o [42]
    .rodata               const       0x3'8b70     0x18  zdo-cli.o [42]
    .rodata               const       0x3'8b88     0x40  zdo-cli.o [42]
    .rodata               const       0x3'8bc8     0x30  zdo-cli.o [42]
    .rodata               const       0x3'8bf8     0x10  zdo-cli.o [42]
    .rodata               const       0x3'8c08     0x18  zdo-cli.o [42]
    .rodata               const       0x3'8c20     0x20  zdo-cli.o [42]
    .rodata               const       0x3'8c40     0x1c  zdo-cli.o [42]
    .rodata               const       0x3'8c5c     0x20  zdo-cli.o [42]
    .rodata               const       0x3'8c7c     0x20  zdo-cli.o [42]
    .rodata               const       0x3'8c9c     0x14  zdo-cli.o [42]
    .rodata               const       0x3'8cb0     0x20  zdo-cli.o [42]
    .rodata               const       0x3'8cd0     0x20  zdo-cli.o [42]
    .rodata               const       0x3'8cf0     0x18  zdo-cli.o [42]
    .rodata               const       0x3'8d08     0x1c  zdo-cli.o [42]
    .rodata               const       0x3'8d24     0x10  zdo-cli.o [42]
    .rodata               const       0x3'8d34      0xc  zdo-cli.o [42]
    .rodata               const       0x3'8d40     0x18  zdo-cli.o [42]
    .rodata               const       0x3'8d58     0x14  zdo-cli.o [42]
    .rodata               const       0x3'8d6c      0x8  zdo-cli.o [42]
    .rodata               const       0x3'8d74      0x8  zdo-cli.o [42]
    .rodata               const       0x3'8d7c     0x34  zdo-cli.o [42]
    .rodata               const       0x3'8db0     0x14  zdo-cli.o [42]
    .rodata               const       0x3'8dc4      0x4  update-tc-link-key.o [41]
    .rodata               const       0x3'8dc8     0x14  update-tc-link-key.o [41]
    .rodata               const       0x3'8ddc     0x18  update-tc-link-key.o [41]
    .rodata               const       0x3'8df4      0x8  update-tc-link-key.o [41]
    .rodata               const       0x3'8dfc      0x8  update-tc-link-key.o [41]
    .rodata               const       0x3'8e04      0xc  update-tc-link-key.o [41]
    .rodata               const       0x3'8e10     0x10  update-tc-link-key.o [41]
    .rodata               const       0x3'8e20     0x30  update-tc-link-key.o [41]
    .rodata               const       0x3'8e50     0x28  serial.o [38]
    .rodata               const       0x3'8e78      0x8  com.o [37]
    .rodata               const       0x3'8e80     0x18  scenes-cli.o [36]
    .rodata               const       0x3'8e98      0xc  scenes.o [36]
    .rodata               const       0x3'8ea4     0x10  scenes.o [36]
    .rodata               const       0x3'8eb4     0x10  scenes.o [36]
    .rodata               const       0x3'8ec4      0xc  scenes.o [36]
    .rodata               const       0x3'8ed0     0x24  scenes.o [36]
    .rodata               const       0x3'8ef4      0x8  scenes.o [36]
    .rodata               const       0x3'8efc     0x20  scenes.o [36]
    .rodata               const       0x3'8f1c      0x4  scenes.o [36]
    .rodata               const       0x3'8f20      0xc  scenes.o [36]
    .rodata               const       0x3'8f2c      0x8  scenes.o [36]
    .rodata               const       0x3'8f34     0x10  scenes.o [36]
    .rodata               const       0x3'8f44     0x14  scenes.o [36]
    .rodata               const       0x3'8f58      0x4  scenes.o [36]
    .rodata               const       0x3'8f5c      0x4  scenes.o [36]
    .rodata               const       0x3'8f60      0x4  scenes.o [36]
    .rodata               const       0x3'8f64      0x8  scenes.o [36]
    .rodata               const       0x3'8f6c     0x10  scenes.o [36]
    .rodata               const       0x3'8f7c      0xc  scenes.o [36]
    .rodata               const       0x3'8f88      0xc  scenes.o [36]
    .rodata               const       0x3'8f94     0x18  scenes.o [36]
    .rodata               const       0x3'8fac     0x14  scenes.o [36]
    .rodata               const       0x3'8fc0     0x14  scenes.o [36]
    .rodata               const       0x3'8fd4     0x18  scenes.o [36]
    .rodata               const       0x3'8fec     0x10  scenes.o [36]
    .rodata               const       0x3'8ffc     0x14  scenes.o [36]
    .rodata               const       0x3'9010     0xb4  reporting-default-configuration.o [34]
    .rodata               const       0x3'90c4     0x1c  nvm3_hal_flash.o [32]
    .rodata               const       0x3'90e0      0x4  nvm3_lock.o [31]
    .rodata               const       0x3'90e4     0x18  network-steering-cli.o [30]
    .rodata               const       0x3'90fc     0x14  network-steering-cli.o [30]
    .rodata               const       0x3'9110      0x8  network-steering-cli.o [30]
    .rodata               const       0x3'9118      0xc  network-steering-cli.o [30]
    .rodata               const       0x3'9124     0x14  network-steering-cli.o [30]
    .rodata               const       0x3'9138     0x1c  network-steering-cli.o [30]
    .rodata               const       0x3'9154      0x8  network-steering-cli.o [30]
    .rodata               const       0x3'915c      0xc  network-steering-cli.o [30]
    .rodata               const       0x3'9168      0x8  network-steering-cli.o [30]
    .rodata               const       0x3'9170      0x8  network-steering-cli.o [30]
    .rodata               const       0x3'9178     0x10  network-steering-cli.o [30]
    .rodata               const       0x3'9188     0x10  network-steering-cli.o [30]
    .rodata               const       0x3'9198     0x10  network-steering-cli.o [30]
    .rodata               const       0x3'91a8     0x14  network-steering-cli.o [30]
    .rodata               const       0x3'91bc     0x14  network-steering-cli.o [30]
    .rodata               const       0x3'91d0     0x14  network-steering-cli.o [30]
    .rodata               const       0x3'91e4     0x14  network-steering-cli.o [30]
    .rodata               const       0x3'91f8     0x14  network-steering-cli.o [30]
    .rodata               const       0x3'920c     0x14  network-steering-cli.o [30]
    .rodata               const       0x3'9220     0x10  network-steering-cli.o [30]
    .rodata               const       0x3'9230      0x8  network-steering-cli.o [30]
    .rodata               const       0x3'9238     0x2c  network-steering-soc.o [30]
    .rodata               const       0x3'9264      0x8  network-steering.o [30]
    .rodata               const       0x3'926c     0x30  network-steering.o [30]
    .rodata               const       0x3'929c     0x30  network-steering.o [30]
    .rodata               const       0x3'92cc     0x2c  network-steering.o [30]
    .rodata               const       0x3'92f8     0x30  network-steering.o [30]
    .rodata               const       0x3'9328     0x30  network-steering.o [30]
    .rodata               const       0x3'9358     0x30  network-steering.o [30]
    .rodata               const       0x3'9388     0x30  network-steering.o [30]
    .rodata               const       0x3'93b8     0x30  network-steering.o [30]
    .rodata               const       0x3'93e8     0x3c  network-steering.o [30]
    .rodata               const       0x3'9424     0x24  network-steering.o [30]
    .rodata               const       0x3'9448     0x24  network-steering.o [30]
    .rodata               const       0x3'946c     0x1c  network-steering.o [30]
    .rodata               const       0x3'9488     0x14  network-steering.o [30]
    .rodata               const       0x3'949c     0x28  network-steering.o [30]
    .rodata               const       0x3'94c4     0x14  network-steering.o [30]
    .rodata               const       0x3'94d8     0x2c  network-steering.o [30]
    .rodata               const       0x3'9504     0x2c  network-steering.o [30]
    .rodata               const       0x3'9530     0x18  network-steering.o [30]
    .rodata               const       0x3'9548     0x10  network-steering.o [30]
    .rodata               const       0x3'9558     0x2c  network-steering.o [30]
    .rodata               const       0x3'9584     0x10  network-steering.o [30]
    .rodata               const       0x3'9594      0x8  network-steering.o [30]
    .rodata               const       0x3'959c      0x8  network-steering.o [30]
    .rodata               const       0x3'95a4     0x2c  network-steering.o [30]
    .rodata               const       0x3'95d0     0x1c  network-steering.o [30]
    .rodata               const       0x3'95ec     0x24  network-steering.o [30]
    .rodata               const       0x3'9610     0x10  network-steering.o [30]
    .rodata               const       0x3'9620     0x10  network-steering.o [30]
    .rodata               const       0x3'9630     0x10  network-steering.o [30]
    .rodata               const       0x3'9640     0x10  network-creator-security-cli.o [29]
    .rodata               const       0x3'9650     0x18  network-creator-security-cli.o [29]
    .rodata               const       0x3'9668     0x18  network-creator-security-cli.o [29]
    .rodata               const       0x3'9680     0x18  network-creator-security-cli.o [29]
    .rodata               const       0x3'9698     0x18  network-creator-security-cli.o [29]
    .rodata               const       0x3'96b0      0x8  network-creator-security-cli.o [29]
    .rodata               const       0x3'96b8      0x8  network-creator-security-cli.o [29]
    .rodata               const       0x3'96c0     0x18  network-creator-security-cli.o [29]
    .rodata               const       0x3'96d8     0x38  network-creator-security.o [29]
    .rodata               const       0x3'9710     0x18  network-creator-security.o [29]
    .rodata               const       0x3'9728     0x10  network-creator-security.o [29]
    .rodata               const       0x3'9738      0x8  network-creator-security.o [29]
    .rodata               const       0x3'9740      0x8  network-creator-security.o [29]
    .rodata               const       0x3'9748     0x10  network-creator-security.o [29]
    .rodata               const       0x3'9758     0x10  network-creator-security.o [29]
    .rodata               const       0x3'9768     0x10  network-creator-cli.o [28]
    .rodata               const       0x3'9778      0xc  network-creator-cli.o [28]
    .rodata               const       0x3'9784      0x8  network-creator-cli.o [28]
    .rodata               const       0x3'978c     0x1c  network-creator-cli.o [28]
    .rodata               const       0x3'97a8     0x20  network-creator-cli.o [28]
    .rodata               const       0x3'97c8      0x8  network-creator-cli.o [28]
    .rodata               const       0x3'97d0      0xc  network-creator-cli.o [28]
    .rodata               const       0x3'97dc      0x8  network-creator-cli.o [28]
    .rodata               const       0x3'97e4     0x10  network-creator-cli.o [28]
    .rodata               const       0x3'97f4     0x14  network-creator-cli.o [28]
    .rodata               const       0x3'9808     0x10  network-creator.o [28]
    .rodata               const       0x3'9818      0xc  network-creator.o [28]
    .rodata               const       0x3'9824     0x14  network-creator.o [28]
    .rodata               const       0x3'9838     0x28  network-creator.o [28]
    .rodata               const       0x3'9860     0x24  network-creator.o [28]
[...]
stateFlags              0x2001'7e5a     0x1  Data  Lc  network-creator.o [28]
stateMachineRun            0x1'e099    0xce  Code  Lc  network-steering.o [30]
stateTable              0x2001'5c28    0x10  Data  Lc  zll-identify-server.o [45]
stateTable              0x2001'69dc    0x28  Data  Lc  level-control.o [25]
stateTable              0x2001'6ff0     0x8  Data  Lc  identify.o [23]
states                  0x2001'5ef0    0x40  Data  Lc  service-discovery-common.o [42]
statesInitialized       0x2001'7e3f     0x1  Data  Lc  service-discovery-common.o [42]
staticCmd                  0x3'88d8    0x20  Data  Lc  util.o [42]
status                     0x1'bfa1    0x16  Code  Lc  call-command-handler.o [1]
statusCommand              0x3'3ecf     0xc  Code  Gb  zll-commissioning-cli.o [43]
stepHandler                0x2'a53f   0x100  Code  Lc  level-control.o [25]
stopAllColorTransitions
                           0x2'b17f    0x10  Code  Lc  color-control-server.o [8]
stopHandler                0x2'a657    0x42  Code  Lc  level-control.o [25]
storeAndForwardDelayCount
                        0x2001'79fc     0x1  Data  Lc  store-forward.o [74]
storeAndForwardSubmitCount
                        0x2001'79fd     0x1  Data  Lc  store-forward.o [74]
storedKeysList          0x2001'57e0     0x1  Data  Lc  aps-keys-transient.o [71]
storedNetworks          0x2001'57b0     0x1  Data  Lc  network-steering-soc.o [30]
strcpy                     0x3'0475          Code  Gb  strcpy.o [70]
stringToUnsignedInt        0x1'fb19    0x7c  Code  Lc  command-interpreter2.o [1]
subBandConfigs             0x3'd328    0x14  Data  Lc  radio_config_em3xxx_2.4GHz.o [74]
subBandParams              0x3'd314    0x14  Data  Lc  radio_config_em3xxx_2.4GHz.o [74]
submitCount             0x2001'7989     0x1  Data  Lc  retry.o [74]
subtractHue                0x2'b21d     0xe  Code  Lc  color-control-server.o [8]
superRetriesIntervalForMacDataPoll
                        0x2001'77c8     0x1  Data  Lc  network.o [74]
suspendRadioOnAtStartup
                        0x2001'7600     0x1  Data  Lc  zll-api.o [76]
swoOutput                  0x2'47af    0xd0  Code  Lc  debug-jtag-efr32.o [11]
symbolDelayCallbacks    0x2001'7c3c     0x8  Data  Lc  symbol-timer.o [74]
systemTimerId           0x2001'77d8     0x4  Data  Lc  system-timer.o [62]
tail                    0x2001'7e4f     0x1  Data  Lc  scan-dispatch.o [35]
targetEui64             0x2001'795c     0x8  Data  Lc  zll-interpan.o [76]
tcBasedClassificationAlgorithm
                           0x1'4c47    0x62  Code  Lc  beacon-handling.o [74]
tempdrvHighCallbacks    0x2001'7248    0x28  Data  Lc  tempdrv.o [14]
tempdrvLowCallbacks     0x2001'7270    0x28  Data  Lc  tempdrv.o [14]
terminateScanRequest       0x1'b363    0x28  Code  Lc  zdo-channel.o [74]
testMessage             0x2001'6a04   0x5dc  Data  Gb  interpan-cli.o [24]
theirLastTransactionId  0x2001'7950     0x4  Data  Lc  zll-interpan.o [76]
thrHard                    0x2'14eb    0x20  Code  Lc  nvm3.o [64]
thrSize                    0x2'1539     0xa  Code  Lc  nvm3.o [64]
thrSoftMinimum             0x2'150b    0x20  Code  Lc  nvm3.o [64]
thrSoftUser                0x2'152b     0xe  Code  Lc  nvm3.o [64]
timeElapsed             0x2001'7e6a     0x1  Data  Lc  ustimer.o [14]
timeoutPools               0x1'8a45    0xd8  Code  Lc  mac-indirect.o [74]
timer                   0x2001'5a50    0xa0  Data  Lc  rtcdriver.o [14]
timerPrsConfig             0x2'ee95    0x34  Code  Lc  em_timer.o [15]
titleStrings            0x2001'5370    0xa8  Data  Gb  counters-cli.o [9]
tokenArraySize             0x3'b5ac    0x30  Data  Gb  token-def.o [1]
tokenDefaults              0x3'b858    0xbc  Data  Gb  token-def.o [1]
tokenFlagsToSizeArray      0x2'8330     0x4  Data  Lc  install-code-tokens.o [63]
tokenIsCnt                 0x3'b51c    0x30  Data  Gb  token-def.o [1]
tokenIsIdx                 0x3'b54c    0x30  Data  Gb  token-def.o [1]
tokenLength                0x1'f731     0xe  Code  Lc  command-interpreter2.o [1]
tokenNvm3Keys              0x3'b460    0xbc  Data  Gb  token-def.o [1]
tokenPointer               0x1'f745    0x10  Code  Lc  command-interpreter2.o [1]
tokenSize                  0x3'b57c    0x30  Data  Gb  token-def.o [1]
tokensActive            0x2001'7e6b     0x1  Data  Lc  token.o [12]
totalInitialChildren    0x2001'77df     0x1  Data  Gb  zigbee-device-util.o [74]
traceClkGet                0x2'0d35    0x4a  Code  Lc  em_cmu.o [15]
transactionExpirationTimeMS
                        0x2001'7958     0x4  Data  Lc  zll-interpan.o [76]
transientKeyFinish         0x2'85cd    0x38  Code  Lc  aps-keys-transient.o [71]
tryNextMethod              0x1'e03d    0x2c  Code  Lc  network-steering.o [30]
tryToFormNetwork           0x2'b6d5    0xce  Code  Lc  network-creator.o [28]
tryToJoinNetwork           0x1'de05    0x90  Code  Gb  network-steering.o [30]
txBuffer                   0x2'91e7    0x42  Code  Lc  com.o [37]
txCallback                 0x2'93b5    0x3c  Code  Lc  com.o [37]
txCatchUp                  0x2'934f    0x66  Code  Lc  com.o [37]
txCcaTries              0x2001'5b08     0x1  Data  Lc  phy.o [74]
txCompleted                0x2'44b3    0x26  Code  Lc  lower-mac-efr32.o [74]
txCsmaTries                0x1'a1e9    0xe6  Code  Lc  phy.o [74]
txOptions               0x2001'5b40     0x4  Data  Lc  phy.o [74]
txParams                0x2001'5af0     0xc  Data  Lc  phy.o [74]
txSchedulerInfo         0x2001'5520     0xc  Data  Lc  phy.o [74]
txState                 0x2001'5b06     0x1  Data  Lc  phy.o [74]
typeSensitiveMemCopy         0x5511    0x56  Code  Lc  attribute-storage.o [42]
uartdrvHandle           0x2001'72a8    0x10  Data  Lc  uartdrv.o [14]
uartdrvHandleIsInitialized
                        0x2001'7e69     0x1  Data  Lc  uartdrv.o [14]
uarthandledata          0x2001'6124    0x34  Data  Lc  com.o [37]
unbindRequest              0x3'5715    0x82  Code  Lc  zdo-cli.o [42]
unicastHead             0x2001'7c28     0x1  Data  Lc  unicast-table.o [74]
uninitializedIsr           0x3'6705          Code  Gb  faults-v7m.o [12]
unknownCounter          0x2001'5418     0x4  Data  Gb  counters-cli.o [9]
unsolicitedChannelReport
                        0x2001'79ba     0x1  Data  Lc  zdo-channel.o [74]
unused                     0x3'3fcd     0x2  Code  Gb  zll-commissioning-cli.o [43]
unusedOriginalChannelMaskCache
                        0x2001'785c     0x4  Data  Lc  scan.o [74]
unusedPanIdCache        0x2001'7832     0x2  Data  Lc  scan.o [74]
updateBuffer               0x2'91b3    0x2c  Code  Lc  com.o [37]
updateChannelComposites
                           0x2'b849    0xb8  Code  Lc  network-creator.o [28]
updateEvents               0x1'a6d3    0x4c  Code  Lc  phy.o [74]
updateInterrupts           0x2'bc7b    0x94  Code  Lc  tempdrv.o [14]
updateTcLinkKeyState    0x2001'7e85     0x1  Data  Lc  aps-keys.o [71]
upperMacState           0x2001'7860    0x1c  Data  Gb  upper-mac.o [74]
useLegacyTimeoutMethod  0x2001'7e83     0x1  Data  Gb  child-handling.o [74]
useMulticastBinding     0x2001'7e49     0x1  Data  Lc  zcl-cli.o [42]
useNextSequence         0x2001'7e47     0x1  Data  Lc  zcl-cli.o [42]
vFillBuffer                  0x4ff9   0x13e  Code  Lc  client-api.o [42]
validateObj                0x2'1e43    0x26  Code  Lc  nvm3.o [64]
validateObjFragments       0x2'1c17   0x226  Code  Lc  nvm3.o [64]
waitStateMax               0x2'1375     0xe  Code  Lc  em_cmu.o [15]
wakeInfo                0x2001'72cc     0x4  Data  Lc  sleep-efm32.o [12]
walkDelayQueue             0x1'8b4d    0xde  Code  Lc  retry.o [74]
walkStoreAndForwardQueue
                           0x2'57c5   0x108  Code  Lc  store-forward.o [74]
wallClockOverflowCnt    0x2001'7240     0x4  Data  Lc  rtcdriver.o [14]
wallClockTimeBase       0x2001'7244     0x4  Data  Lc  rtcdriver.o [14]
wdog0ClkGet                0x2'1385    0x3a  Code  Lc  em_cmu.o [15]
wdog1ClkGet                0x2'0d81    0x3e  Code  Lc  em_cmu.o [15]
workBegin                  0x2'2a23    0x16  Code  Lc  nvm3.o [64]
workEnd                    0x2'2a39    0x14  Code  Lc  nvm3.o [64]
writeBoolean               0x2'9cb5     0x8  Code  Lc  zll-on-off-server.o [47]
writeBurst              0x2001'4fd5    0x54  Code  Gb  em_msc.o [15]
writeFullAllowed           0x2'1543    0x18  Code  Lc  nvm3.o [64]
writeIdentifyTime          0x2'991b    0x18  Code  Lc  identify.o [23]
writeInt16u                0x2'9ccd     0x6  Code  Lc  zll-on-off-server.o [47]
writeMessage               0x1'2f9b    0xaa  Code  Lc  packet-buffer.o [74]
writeObj                   0x2'16e3   0x2b4  Code  Lc  nvm3.o [64]
writeRemainingTime         0x2'a22f    0x1e  Code  Lc  level-control.o [25]
writeRemainingTime         0x2'a815    0x1a  Code  Lc  color-control-server.o [8]
writeServerAttribute         0xce09     0xe  Code  Lc  scenes.o [36]
writeZllTokens               0xe997     0xc  Code  Lc  zll-tokens.o [76]
zaTrustCenterSetJoinPolicy
                           0x2'3c2d     0x8  Code  Gb  af-trust-center.o [42]
zclBasicGlsrCommand        0x3'6957     0xa  Code  Lc  znet-cli.o [1]
zclBufferAddByte           0x3'4acf    0x12  Code  Gb  zcl-cli.o [42]
zclBufferAddByteFromArgument
                           0x3'4b07     0x8  Code  Gb  zcl-cli.o [42]
zclBufferAddInt32          0x3'4af3    0x14  Code  Gb  zcl-cli.o [42]
zclBufferAddLengthAndStringFromArgument
                           0x3'4b25    0x34  Code  Gb  zcl-cli.o [42]
zclBufferAddWord           0x3'4ae1    0x12  Code  Gb  zcl-cli.o [42]
zclBufferAddWordFromArgument
                           0x3'4b17     0x6  Code  Gb  zcl-cli.o [42]
zclBufferSetup             0x3'4a7d    0x52  Code  Gb  zcl-cli.o [42]
zclClusterNames            0x3'8888    0x50  Data  Gb  util.o [42]
zclCmdIsBuilt           0x2001'7e45     0x1  Data  Gb  zcl-cli.o [42]
zclGlobalCommandDiscoveryCommand
                           0x3'4df3    0x2e  Code  Gb  zcl-cli.o [42]
zclGlobalDirection      0x2001'7e48     0x1  Data  Lc  zcl-cli.o [42]
zclGlobalDirectionCommand
                           0x3'4c2d    0x14  Code  Gb  zcl-cli.o [42]
zclGlobalDiscoverCommand
                           0x3'4c97     0x4  Code  Gb  zcl-cli.o [42]
zclGlobalExpectReportFromMeCommand
                           0x3'4dcb    0x1c  Code  Gb  zcl-cli.o [42]
zclGlobalReadCommand       0x3'4c41     0x6  Code  Gb  zcl-cli.o [42]
zclGlobalReportCommand     0x3'4ca5    0x94  Code  Gb  zcl-cli.o [42]
zclGlobalReportReadCommand
                           0x3'4d41    0x20  Code  Gb  zcl-cli.o [42]
zclGlobalSendMeAReportCommand
                           0x3'4d61    0x4a  Code  Gb  zcl-cli.o [42]
zclGlobalSetup             0x3'4c13    0x1a  Code  Gb  zcl-cli.o [42]
zclGlobalWriteCommand      0x3'4c47    0x50  Code  Gb  zcl-cli.o [42]
zclIdentifyOnOffCommand
                           0x3'4eb1    0x40  Code  Gb  zcl-cli.o [42]
zclMfgCodeCommand          0x3'4e39    0x2a  Code  Gb  zcl-cli.o [42]
zclSimpleCommand           0x3'4b59    0xba  Code  Gb  zcl-cli.o [42]
zclTestResponseOffCommand
                           0x3'4e33     0x6  Code  Gb  zcl-cli.o [42]
zclTestResponseOnCommand
                           0x3'4e2d     0x6  Code  Gb  zcl-cli.o [42]
zclTimeCommand             0x3'4ea3     0xe  Code  Gb  zcl-cli.o [42]
zclUseNextSequenceCommand
                           0x3'4e81    0x22  Code  Gb  zcl-cli.o [42]
zclXDefaultRespCommand     0x3'4e63    0x14  Code  Gb  zcl-cli.o [42]
zdoActiveEpCommand         0x3'565d    0x1e  Code  Gb  zdo-cli.o [42]
zdoAddClusterCommand       0x3'54ff    0x38  Code  Gb  zdo-cli.o [42]
zdoBindCommand             0x3'5485    0x72  Code  Gb  zdo-cli.o [42]
zdoClearClusterCommand     0x3'5537    0x1c  Code  Gb  zdo-cli.o [42]
zdoConfigurationModeEnabled
                        0x2001'57de     0x1  Data  Gb  zigbee-device-util.o [74]
zdoIeeeAddressRequestCommand
                           0x3'53bb    0x14  Code  Gb  zdo-cli.o [42]
zdoLeaveRequestCommand     0x3'56bb    0x32  Code  Gb  zdo-cli.o [42]
zdoMatchCommand            0x3'5417    0x44  Code  Gb  zdo-cli.o [42]
zdoMgmtBindCommand         0x3'569f    0x1c  Code  Gb  zdo-cli.o [42]
zdoMgmtLqiCommand          0x3'567b    0x1a  Code  Gb  zdo-cli.o [42]
zdoNetworkUpdateChannelCommand
                           0x3'555d    0x72  Code  Gb  zdo-cli.o [42]
zdoNetworkUpdateScanCommand
                           0x3'55cf    0x5c  Code  Gb  zdo-cli.o [42]
zdoNetworkUpdateSetCommand
                           0x3'5631    0x1e  Code  Gb  zdo-cli.o [42]
zdoNodeCommand             0x3'53f5    0x22  Code  Gb  zdo-cli.o [42]
zdoNwkAddressRequestCommand
                           0x3'53a5    0x16  Code  Gb  zdo-cli.o [42]
zdoPowerDescriptorRequestCommand
                           0x3'56ed    0x18  Code  Gb  zdo-cli.o [42]
zdoRouteRequestCommand     0x3'57db    0x26  Code  Gb  zdo-cli.o [42]
zdoSimpleCommand           0x3'53cf    0x26  Code  Gb  zdo-cli.o [42]
zdoUnbindGroupCommand      0x3'5797    0x18  Code  Gb  zdo-cli.o [42]
zdoUnbindUnicastCommand
                           0x3'57af    0x2c  Code  Gb  zdo-cli.o [42]
zeroLenByte             0x2001'7d08     0x2  Data  Lc  message.o [42]
zigDevApsStruct         0x2001'77ec     0x4  Data  Lc  zigbee-device-util.o [74]
zigDevRequestRadius     0x2001'57d0     0x1  Data  Gb  zigbee-device-common.o [1]
zigDevRequestSequence   0x2001'7e7a     0x1  Data  Lc  zigbee-device-common.o [1]
zigDevRequestSequence   0x2001'77dc     0x1  Data  Lc  zigbee-device-util.o [74]
zllNodeType             0x2001'75d1     0x1  Data  Lc  zll-api.o [76]
zllPrimaryChannelMask   0x2001'75e4     0x4  Data  Lc  zll-api.o [76]
zllSecondaryChannelMask
                        0x2001'760c     0x4  Data  Lc  zll-api.o [76]
zllSequenceNum          0x2001'7e8b     0x1  Data  Lc  zll-interpan.o [76]


[1] = C:\Users\alji\SimplicityStudio\v4_workspace\z3_mfgtoken_mg21_v662\IAR ARM - Default
[2] = C:\Users\alji\SimplicityStudio\v4_workspace\z3_mfgtoken_mg21_v662\IAR ARM - Default\adc\EFR32
[3] = C:\Users\alji\SimplicityStudio\v4_workspace\z3_mfgtoken_mg21_v662\IAR ARM - Default\aes-cmac
[4] = C:\Users\alji\SimplicityStudio\v4_workspace\z3_mfgtoken_mg21_v662\IAR ARM - Default\antenna-stub
[5] = C:\Users\alji\SimplicityStudio\v4_workspace\z3_mfgtoken_mg21_v662\IAR ARM - Default\basic
[6] = C:\Users\alji\SimplicityStudio\v4_workspace\z3_mfgtoken_mg21_v662\IAR ARM - Default\ccm-encryption
[7] = C:\Users\alji\SimplicityStudio\v4_workspace\z3_mfgtoken_mg21_v662\IAR ARM - Default\coexistence-stub\EFR32
[8] = C:\Users\alji\SimplicityStudio\v4_workspace\z3_mfgtoken_mg21_v662\IAR ARM - Default\color-control-server
[9] = C:\Users\alji\SimplicityStudio\v4_workspace\z3_mfgtoken_mg21_v662\IAR ARM - Default\counters
[10] = C:\Users\alji\SimplicityStudio\v4_workspace\z3_mfgtoken_mg21_v662\IAR ARM - Default\debug-basic-library\EFR32
[11] = C:\Users\alji\SimplicityStudio\v4_workspace\z3_mfgtoken_mg21_v662\IAR ARM - Default\debug-jtag\EFR32
[12] = C:\Users\alji\SimplicityStudio\v4_workspace\z3_mfgtoken_mg21_v662\IAR ARM - Default\efr32
[13] = C:\Users\alji\SimplicityStudio\v4_workspace\z3_mfgtoken_mg21_v662\IAR ARM - Default\ember-minimal-printf
[14] = C:\Users\alji\SimplicityStudio\v4_workspace\z3_mfgtoken_mg21_v662\IAR ARM - Default\emdrv
[15] = C:\Users\alji\SimplicityStudio\v4_workspace\z3_mfgtoken_mg21_v662\IAR ARM - Default\emlib
[16] = C:\Users\alji\SimplicityStudio\v4_workspace\z3_mfgtoken_mg21_v662\IAR ARM - Default\external-generated-files
[17] = C:\Users\alji\SimplicityStudio\v4_workspace\z3_mfgtoken_mg21_v662\IAR ARM - Default\find-and-bind-target
[18] = C:\Users\alji\SimplicityStudio\v4_workspace\z3_mfgtoken_mg21_v662\IAR ARM - Default\green-power-client
[19] = C:\Users\alji\SimplicityStudio\v4_workspace\z3_mfgtoken_mg21_v662\IAR ARM - Default\green-power-common
[20] = C:\Users\alji\SimplicityStudio\v4_workspace\z3_mfgtoken_mg21_v662\IAR ARM - Default\groups-server
[21] = C:\Users\alji\SimplicityStudio\v4_workspace\z3_mfgtoken_mg21_v662\IAR ARM - Default\hal-library\EFR32
[22] = C:\Users\alji\SimplicityStudio\v4_workspace\z3_mfgtoken_mg21_v662\IAR ARM - Default\heartbeat
[23] = C:\Users\alji\SimplicityStudio\v4_workspace\z3_mfgtoken_mg21_v662\IAR ARM - Default\identify
[24] = C:\Users\alji\SimplicityStudio\v4_workspace\z3_mfgtoken_mg21_v662\IAR ARM - Default\interpan
[25] = C:\Users\alji\SimplicityStudio\v4_workspace\z3_mfgtoken_mg21_v662\IAR ARM - Default\level-control
[26] = C:\Users\alji\SimplicityStudio\v4_workspace\z3_mfgtoken_mg21_v662\IAR ARM - Default\manufacturing-library-cli
[27] = C:\Users\alji\SimplicityStudio\v4_workspace\z3_mfgtoken_mg21_v662\IAR ARM - Default\mbedtls\EFR32
[28] = C:\Users\alji\SimplicityStudio\v4_workspace\z3_mfgtoken_mg21_v662\IAR ARM - Default\network-creator
[29] = C:\Users\alji\SimplicityStudio\v4_workspace\z3_mfgtoken_mg21_v662\IAR ARM - Default\network-creator-security
[30] = C:\Users\alji\SimplicityStudio\v4_workspace\z3_mfgtoken_mg21_v662\IAR ARM - Default\network-steering
[31] = C:\Users\alji\SimplicityStudio\v4_workspace\z3_mfgtoken_mg21_v662\IAR ARM - Default\nvm3
[32] = C:\Users\alji\SimplicityStudio\v4_workspace\z3_mfgtoken_mg21_v662\IAR ARM - Default\nvm3\EFR32
[33] = C:\Users\alji\SimplicityStudio\v4_workspace\z3_mfgtoken_mg21_v662\IAR ARM - Default\on-off
[34] = C:\Users\alji\SimplicityStudio\v4_workspace\z3_mfgtoken_mg21_v662\IAR ARM - Default\reporting
[35] = C:\Users\alji\SimplicityStudio\v4_workspace\z3_mfgtoken_mg21_v662\IAR ARM - Default\scan-dispatch
[36] = C:\Users\alji\SimplicityStudio\v4_workspace\z3_mfgtoken_mg21_v662\IAR ARM - Default\scenes
[37] = C:\Users\alji\SimplicityStudio\v4_workspace\z3_mfgtoken_mg21_v662\IAR ARM - Default\serial
[38] = C:\Users\alji\SimplicityStudio\v4_workspace\z3_mfgtoken_mg21_v662\IAR ARM - Default\serial\EFR32
[39] = C:\Users\alji\SimplicityStudio\v4_workspace\z3_mfgtoken_mg21_v662\IAR ARM - Default\simple-main
[40] = C:\Users\alji\SimplicityStudio\v4_workspace\z3_mfgtoken_mg21_v662\IAR ARM - Default\strong-random
[41] = C:\Users\alji\SimplicityStudio\v4_workspace\z3_mfgtoken_mg21_v662\IAR ARM - Default\update-tc-link-key
[42] = C:\Users\alji\SimplicityStudio\v4_workspace\z3_mfgtoken_mg21_v662\IAR ARM - Default\zcl-framework-core
[43] = C:\Users\alji\SimplicityStudio\v4_workspace\z3_mfgtoken_mg21_v662\IAR ARM - Default\zll-commissioning-common
[44] = C:\Users\alji\SimplicityStudio\v4_workspace\z3_mfgtoken_mg21_v662\IAR ARM - Default\zll-commissioning-server
[45] = C:\Users\alji\SimplicityStudio\v4_workspace\z3_mfgtoken_mg21_v662\IAR ARM - Default\zll-identify-server
[46] = C:\Users\alji\SimplicityStudio\v4_workspace\z3_mfgtoken_mg21_v662\IAR ARM - Default\zll-level-control-server
[47] = C:\Users\alji\SimplicityStudio\v4_workspace\z3_mfgtoken_mg21_v662\IAR ARM - Default\zll-on-off-server
[48] = C:\Users\alji\SimplicityStudio\v4_workspace\z3_mfgtoken_mg21_v662\IAR ARM - Default\zll-scenes-server
[49] = C:\Users\alji\SimplicityStudio\v4_workspace\z3_mfgtoken_mg21_v662\IAR ARM - Default\zll-utility-server
[50] = binding-table-library.a
[51] = cbke-163k1-stub-library.a
[52] = cbke-283k1-stub-library.a
[53] = cbke-library-dsa-sign-stub.a
[54] = cbke-library-dsa-verify-283k1-stub.a
[55] = cbke-library-dsa-verify-stub.a
[56] = cbke-stub-library.a
[57] = debug-basic-library.a
[58] = debug-extended-stub-library.a
[59] = dl7M_tln.a
[60] = end-device-bind-stub-library.a
[61] = gp-library.a
[62] = hal-library.a
[63] = install-code-library.a
[64] = libnvm3_CM33_iar.a
[65] = librail_efr32xg21_iar_release.a
[66] = m7M_tls.a
[67] = mfglib-library.a
[68] = multi-network-stub-library.a
[69] = packet-validate-stub-library.a
[70] = rt7M_tl.a
[71] = security-library-core.a
[72] = security-library-link-keys-stub.a
[73] = sim-eeprom2-to-nvm3-upgrade-stub-library.a
[74] = zigbee-pro-stack.a
[75] = zigbee-r22-support-stub-library.a
[76] = zll-library.a

  206 350 bytes of readonly  code memory
      324 bytes of readwrite code memory
   35 855 bytes of readonly  data memory
   59 527 bytes of readwrite data memory

Errors: none
Warnings: none
